Component: ARM Compiler 5.06 update 3 (build 300) Tool: armlink [4d35c9]

==============================================================================

Section Cross References

    los_priqueue.o(i.LOS_PriqueueEnqueue) refers to los_priqueue.o(.data) for g_pstLosPriorityQueueList
    los_priqueue.o(i.LOS_PriqueueSize) refers to los_priqueue.o(.data) for g_pstLosPriorityQueueList
    los_priqueue.o(i.LOS_PriqueueTop) refers to los_priqueue.o(.data) for g_pstLosPriorityQueueList
    los_priqueue.o(i.LOS_PriqueueTotalSize) refers to los_priqueue.o(i.LOS_PriqueueSize) for LOS_PriqueueSize
    los_priqueue.o(i.osPriqueueInit) refers to los_memory.o(i.LOS_MemAlloc) for LOS_MemAlloc
    los_priqueue.o(i.osPriqueueInit) refers to los_config.o(.data) for m_aucSysMem0
    los_priqueue.o(i.osPriqueueInit) refers to los_priqueue.o(.data) for g_pstLosPriorityQueueList
    los_swtmr.o(i.LOS_SwtmrCreate) refers to los_dispatch_keil.o(.text) for LOS_IntLock
    los_swtmr.o(i.LOS_SwtmrCreate) refers to los_swtmr.o(.data) for m_pstSwtmrFreeList
    los_swtmr.o(i.LOS_SwtmrDelete) refers to los_dispatch_keil.o(.text) for LOS_IntLock
    los_swtmr.o(i.LOS_SwtmrDelete) refers to los_swtmr.o(i.osSwtmrStop) for osSwtmrStop
    los_swtmr.o(i.LOS_SwtmrDelete) refers to los_swtmr.o(i.osSwtmrDelete) for osSwtmrDelete
    los_swtmr.o(i.LOS_SwtmrDelete) refers to los_swtmr.o(.data) for m_pstSwtmrCBArray
    los_swtmr.o(i.LOS_SwtmrStart) refers to los_dispatch_keil.o(.text) for LOS_IntLock
    los_swtmr.o(i.LOS_SwtmrStart) refers to los_swtmr.o(i.osSwtmrStop) for osSwtmrStop
    los_swtmr.o(i.LOS_SwtmrStart) refers to los_swtmr.o(i.osSwTmrStart) for osSwTmrStart
    los_swtmr.o(i.LOS_SwtmrStart) refers to los_swtmr.o(.data) for m_pstSwtmrCBArray
    los_swtmr.o(i.LOS_SwtmrStop) refers to los_dispatch_keil.o(.text) for LOS_IntLock
    los_swtmr.o(i.LOS_SwtmrStop) refers to los_swtmr.o(i.osSwtmrStop) for osSwtmrStop
    los_swtmr.o(i.LOS_SwtmrStop) refers to los_swtmr.o(.data) for m_pstSwtmrCBArray
    los_swtmr.o(i.osSwTmrAdjust) refers to los_swtmr.o(i.osSwTmrTimeoutHandle) for osSwTmrTimeoutHandle
    los_swtmr.o(i.osSwTmrAdjust) refers to los_swtmr.o(.data) for m_pstSwtmrSortList
    los_swtmr.o(i.osSwTmrGetNextTimeout) refers to los_swtmr.o(.data) for m_pstSwtmrSortList
    los_swtmr.o(i.osSwTmrInit) refers to los_memory.o(i.LOS_MemAlloc) for LOS_MemAlloc
    los_swtmr.o(i.osSwTmrInit) refers to memseta.o(.text) for __aeabi_memclr4
    los_swtmr.o(i.osSwTmrInit) refers to los_membox.o(i.LOS_MemboxInit) for LOS_MemboxInit
    los_swtmr.o(i.osSwTmrInit) refers to los_queue.o(i.LOS_QueueCreate) for LOS_QueueCreate
    los_swtmr.o(i.osSwTmrInit) refers to los_swtmr.o(i.osSwTmrTaskCreate) for osSwTmrTaskCreate
    los_swtmr.o(i.osSwTmrInit) refers to los_swtmr.o(.data) for m_pstSwtmrSortList
    los_swtmr.o(i.osSwTmrInit) refers to los_config.o(.data) for m_aucSysMem0
    los_swtmr.o(i.osSwTmrInit) refers to los_swtmr.o(.bss) for m_aucSwTmrHandlerPool
    los_swtmr.o(i.osSwTmrStart) refers to los_swtmr.o(.data) for m_pstSwtmrSortList
    los_swtmr.o(i.osSwTmrTask) refers to los_queue.o(i.LOS_QueueRead) for LOS_QueueRead
    los_swtmr.o(i.osSwTmrTask) refers to los_membox.o(i.LOS_MemboxFree) for LOS_MemboxFree
    los_swtmr.o(i.osSwTmrTask) refers to los_swtmr.o(.data) for m_uwSwTmrHandlerQueue
    los_swtmr.o(i.osSwTmrTask) refers to los_swtmr.o(.bss) for m_aucSwTmrHandlerPool
    los_swtmr.o(i.osSwTmrTaskCreate) refers to memseta.o(.text) for __aeabi_memclr4
    los_swtmr.o(i.osSwTmrTaskCreate) refers to los_task.o(i.LOS_TaskCreate) for LOS_TaskCreate
    los_swtmr.o(i.osSwTmrTaskCreate) refers to los_swtmr.o(i.osSwTmrTask) for osSwTmrTask
    los_swtmr.o(i.osSwTmrTaskCreate) refers to los_task.o(.data) for g_uwSwtmrTaskID
    los_swtmr.o(i.osSwTmrTimeoutHandle) refers to los_membox.o(i.LOS_MemboxAlloc) for LOS_MemboxAlloc
    los_swtmr.o(i.osSwTmrTimeoutHandle) refers to los_queue.o(i.LOS_QueueWrite) for LOS_QueueWrite
    los_swtmr.o(i.osSwTmrTimeoutHandle) refers to los_membox.o(i.LOS_MemboxFree) for LOS_MemboxFree
    los_swtmr.o(i.osSwTmrTimeoutHandle) refers to los_swtmr.o(i.osSwtmrDelete) for osSwtmrDelete
    los_swtmr.o(i.osSwTmrTimeoutHandle) refers to los_swtmr.o(i.osSwTmrStart) for osSwTmrStart
    los_swtmr.o(i.osSwTmrTimeoutHandle) refers to los_swtmr.o(.data) for m_pstSwtmrSortList
    los_swtmr.o(i.osSwTmrTimeoutHandle) refers to los_swtmr.o(.bss) for m_aucSwTmrHandlerPool
    los_swtmr.o(i.osSwtmrDelete) refers to los_swtmr.o(.data) for m_pstSwtmrFreeList
    los_swtmr.o(i.osSwtmrScan) refers to los_swtmr.o(i.osSwTmrTimeoutHandle) for osSwTmrTimeoutHandle
    los_swtmr.o(i.osSwtmrScan) refers to los_swtmr.o(.data) for m_pstSwtmrSortList
    los_swtmr.o(i.osSwtmrStop) refers to los_swtmr.o(.data) for m_pstSwtmrSortList
    los_sys.o(i.LOS_MS2Tick) refers to uldiv.o(.text) for __aeabi_uldivmod
    los_sys.o(i.LOS_Reboot) refers to los_dispatch_keil.o(.text) for LOS_IntLock
[...]
    i.LOS_DLnkInitMultiHead                  0x000015d4   Section        0  los_multipledlinkhead.o(i.LOS_DLnkInitMultiHead)
    i.LOS_DLnkMultiHead                      0x000015f2   Section        0  los_multipledlinkhead.o(i.LOS_DLnkMultiHead)
    i.LOS_EnableTick                         0x0000161c   Section        0  los_config.o(i.LOS_EnableTick)
    i.LOS_EvbKeyInit                         0x00001628   Section        0  los_bsp_key.o(i.LOS_EvbKeyInit)
    i.LOS_EvbLedControl                      0x0000162c   Section        0  los_bsp_led.o(i.LOS_EvbLedControl)
    i.LOS_EvbLedInit                         0x0000166c   Section        0  los_bsp_led.o(i.LOS_EvbLedInit)
    i.LOS_EvbSetup                           0x0000168c   Section        0  los_bsp_adapter.o(i.LOS_EvbSetup)
    i.LOS_EvbUartInit                        0x0000169c   Section        0  los_bsp_uart.o(i.LOS_EvbUartInit)
    i.LOS_EvbUartWriteStr                    0x000016a4   Section        0  los_bsp_uart.o(i.LOS_EvbUartWriteStr)
    i.LOS_KernelInit                         0x000016ba   Section        0  los_config.o(i.LOS_KernelInit)
    i.LOS_ListAdd                            0x000016cc   Section        0  los_task.o(i.LOS_ListAdd)
    LOS_ListAdd                              0x000016cd   Thumb Code    14  los_task.o(i.LOS_ListAdd)
    i.LOS_ListAdd                            0x000016da   Section        0  los_mux.o(i.LOS_ListAdd)
    LOS_ListAdd                              0x000016db   Thumb Code    14  los_mux.o(i.LOS_ListAdd)
    i.LOS_ListAdd                            0x000016e8   Section        0  los_queue.o(i.LOS_ListAdd)
    LOS_ListAdd                              0x000016e9   Thumb Code    14  los_queue.o(i.LOS_ListAdd)
    i.LOS_ListAdd                            0x000016f6   Section        0  los_sem.o(i.LOS_ListAdd)
    LOS_ListAdd                              0x000016f7   Thumb Code    14  los_sem.o(i.LOS_ListAdd)
    i.LOS_ListAdd                            0x00001704   Section        0  los_memory.o(i.LOS_ListAdd)
    LOS_ListAdd                              0x00001705   Thumb Code    14  los_memory.o(i.LOS_ListAdd)
    i.LOS_ListDelete                         0x00001712   Section        0  los_task.o(i.LOS_ListDelete)
    LOS_ListDelete                           0x00001713   Thumb Code    20  los_task.o(i.LOS_ListDelete)
    i.LOS_ListDelete                         0x00001726   Section        0  los_sem.o(i.LOS_ListDelete)
    LOS_ListDelete                           0x00001727   Thumb Code    20  los_sem.o(i.LOS_ListDelete)
    i.LOS_ListDelete                         0x0000173a   Section        0  los_memory.o(i.LOS_ListDelete)
    LOS_ListDelete                           0x0000173b   Thumb Code    20  los_memory.o(i.LOS_ListDelete)
    i.LOS_ListEmpty                          0x0000174e   Section        0  los_task.o(i.LOS_ListEmpty)
    LOS_ListEmpty                            0x0000174f   Thumb Code    16  los_task.o(i.LOS_ListEmpty)
    i.LOS_ListEmpty                          0x0000175e   Section        0  los_queue.o(i.LOS_ListEmpty)
    LOS_ListEmpty                            0x0000175f   Thumb Code    16  los_queue.o(i.LOS_ListEmpty)
    i.LOS_ListEmpty                          0x0000176e   Section        0  los_sem.o(i.LOS_ListEmpty)
    LOS_ListEmpty                            0x0000176f   Thumb Code    16  los_sem.o(i.LOS_ListEmpty)
    i.LOS_ListInit                           0x0000177e   Section        0  los_task.o(i.LOS_ListInit)
    LOS_ListInit                             0x0000177f   Thumb Code     6  los_task.o(i.LOS_ListInit)
    i.LOS_ListInit                           0x00001784   Section        0  los_mux.o(i.LOS_ListInit)
    LOS_ListInit                             0x00001785   Thumb Code     6  los_mux.o(i.LOS_ListInit)
    i.LOS_ListInit                           0x0000178a   Section        0  los_queue.o(i.LOS_ListInit)
    LOS_ListInit                             0x0000178b   Thumb Code     6  los_queue.o(i.LOS_ListInit)
    i.LOS_ListInit                           0x00001790   Section        0  los_sem.o(i.LOS_ListInit)
    LOS_ListInit                             0x00001791   Thumb Code     6  los_sem.o(i.LOS_ListInit)
    i.LOS_ListTailInsert                     0x00001796   Section        0  los_task.o(i.LOS_ListTailInsert)
    LOS_ListTailInsert                       0x00001797   Thumb Code    16  los_task.o(i.LOS_ListTailInsert)
    i.LOS_ListTailInsert                     0x000017a6   Section        0  los_mux.o(i.LOS_ListTailInsert)
    LOS_ListTailInsert                       0x000017a7   Thumb Code    16  los_mux.o(i.LOS_ListTailInsert)
    i.LOS_ListTailInsert                     0x000017b6   Section        0  los_sem.o(i.LOS_ListTailInsert)
    LOS_ListTailInsert                       0x000017b7   Thumb Code    16  los_sem.o(i.LOS_ListTailInsert)
    i.LOS_Log2                               0x000017c8   Section        0  los_multipledlinkhead.o(i.LOS_Log2)
    LOS_Log2                                 0x000017c9   Thumb Code   320  los_multipledlinkhead.o(i.LOS_Log2)
    i.LOS_MemAlloc                           0x0000190c   Section        0  los_memory.o(i.LOS_MemAlloc)
    i.LOS_MemAllocAlign                      0x00001946   Section        0  los_memory.o(i.LOS_MemAllocAlign)
    i.LOS_MemFree                            0x000019b2   Section        0  los_memory.o(i.LOS_MemFree)
    i.LOS_MemInit                            0x00001a06   Section        0  los_memory.o(i.LOS_MemInit)
    i.LOS_MemboxAlloc                        0x00001aac   Section        0  los_membox.o(i.LOS_MemboxAlloc)
    i.LOS_MemboxFree                         0x00001aec   Section        0  los_membox.o(i.LOS_MemboxFree)
    i.LOS_MemboxInit                         0x00001b90   Section        0  los_membox.o(i.LOS_MemboxInit)
    i.LOS_PriqueueDequeue                    0x00001c10   Section        0  los_priqueue.o(i.LOS_PriqueueDequeue)
    i.LOS_PriqueueEnqueue                    0x00001c28   Section        0  los_priqueue.o(i.LOS_PriqueueEnqueue)
    i.LOS_PriqueueSize                       0x00001c4c   Section        0  los_priqueue.o(i.LOS_PriqueueSize)
    i.LOS_PriqueueTop                        0x00001c74   Section        0  los_priqueue.o(i.LOS_PriqueueTop)
    i.LOS_QueueCreate                        0x00001cb0   Section        0  los_queue.o(i.LOS_QueueCreate)
    i.LOS_QueueRead                          0x00001d2c   Section        0  los_queue.o(i.LOS_QueueRead)
    i.LOS_QueueWrite                         0x00001e5c   Section        0  los_queue.o(i.LOS_QueueWrite)
    i.LOS_Schedule                           0x00001f98   Section        0  los_hw.o(i.LOS_Schedule)
    i.LOS_SemPost                            0x00001fd8   Section        0  los_sem.o(i.LOS_SemPost)
    i.LOS_SetTickSycle                       0x00002090   Section        0  los_hw_tick.o(i.LOS_SetTickSycle)
    i.LOS_Start                              0x0000209c   Section        0  los_config.o(i.LOS_Start)
    i.LOS_TaskCreate                         0x000020a8   Section        0  los_task.o(i.LOS_TaskCreate)
    i.LOS_TaskCreateOnly                     0x00002144   Section        0  los_task.o(i.LOS_TaskCreateOnly)
    i.LOS_TaskDelay                          0x000022c8   Section        0  los_task.o(i.LOS_TaskDelay)
    i.LOS_TaskLock                           0x00002348   Section        0  los_task.o(i.LOS_TaskLock)
    i.LOS_TaskUnlock                         0x00002368   Section        0  los_task.o(i.LOS_TaskUnlock)
    i.LOS_TaskYield                          0x000023a4   Section        0  los_task.o(i.LOS_TaskYield)
    i.LOS_TickHandler                        0x00002428   Section        0  los_hw_tick.o(i.LOS_TickHandler)
    i.LosAdapIntInit                         0x00002460   Section        0  los_bsp_adapter.o(i.LosAdapIntInit)
    i.PINT_PatternMatchResetDetectLogic      0x00002462   Section        0  fsl_pint.o(i.PINT_PatternMatchResetDetectLogic)
    i.PINT_PinInterruptClrStatus             0x00002476   Section        0  fsl_pint.o(i.PINT_PinInterruptClrStatus)
    PINT_PinInterruptClrStatus               0x00002477   Thumb Code     8  fsl_pint.o(i.PINT_PinInterruptClrStatus)
    i.PIN_INT0_DriverIRQHandler              0x00002480   Section        0  fsl_pint.o(i.PIN_INT0_DriverIRQHandler)
    i.PIN_INT1_DriverIRQHandler              0x000024ac   Section        0  fsl_pint.o(i.PIN_INT1_DriverIRQHandler)
    i.PIN_INT2_DriverIRQHandler              0x000024d8   Section        0  fsl_pint.o(i.PIN_INT2_DriverIRQHandler)
    i.PIN_INT3_DriverIRQHandler              0x00002504   Section        0  fsl_pint.o(i.PIN_INT3_DriverIRQHandler)
    i.PIN_INT4_DriverIRQHandler              0x00002530   Section        0  fsl_pint.o(i.PIN_INT4_DriverIRQHandler)
    i.PIN_INT5_DriverIRQHandler              0x0000255c   Section        0  fsl_pint.o(i.PIN_INT5_DriverIRQHandler)
    i.PIN_INT6_DriverIRQHandler              0x00002588   Section        0  fsl_pint.o(i.PIN_INT6_DriverIRQHandler)
    i.PIN_INT7_DriverIRQHandler              0x000025b4   Section        0  fsl_pint.o(i.PIN_INT7_DriverIRQHandler)
    i.POWER_DisablePD                        0x000025e0   Section        0  fsl_clock.o(i.POWER_DisablePD)
    POWER_DisablePD                          0x000025e1   Thumb Code    14  fsl_clock.o(i.POWER_DisablePD)
    i.POWER_DisablePD                        0x000025f4   Section        0  clock_config.o(i.POWER_DisablePD)
    POWER_DisablePD                          0x000025f5   Thumb Code    14  clock_config.o(i.POWER_DisablePD)
    i.POWER_SetVoltageForFreq                0x00002608   Section        0  fsl_power_lib.o(i.POWER_SetVoltageForFreq)
    i.POWER_setVdLevel                       0x00002734   Section        0  fsl_power_lib.o(i.POWER_setVdLevel)
    POWER_setVdLevel                         0x00002735   Thumb Code    14  fsl_power_lib.o(i.POWER_setVdLevel)
    i.RESET_ClearPeripheralReset             0x00002748   Section        0  fsl_reset.o(i.RESET_ClearPeripheralReset)
    i.RESET_PeripheralReset                  0x000027b4   Section        0  fsl_reset.o(i.RESET_PeripheralReset)
    i.RESET_SetPeripheralReset               0x000027c8   Section        0  fsl_reset.o(i.RESET_SetPeripheralReset)
    i.SCT0_IRQHandler                        0x00002834   Section        0  fsl_sctimer.o(i.SCT0_IRQHandler)
    i.SysTick_Handler                        0x00002848   Section        0  los_bsp_adapter.o(i.SysTick_Handler)
    i.SystemCoreClockUpdate                  0x00002850   Section        0  system_lpc54114_cm4.o(i.SystemCoreClockUpdate)
    i.SystemInit                             0x000029a4   Section        0  system_lpc54114_cm4.o(i.SystemInit)
    i.USART_GetDefaultConfig                 0x000029cc   Section        0  fsl_usart.o(i.USART_GetDefaultConfig)
    i.USART_Init                             0x00002a10   Section        0  fsl_usart.o(i.USART_Init)
    i.USART_ReadBlocking                     0x00002b34   Section        0  fsl_usart.o(i.USART_ReadBlocking)
    i.USART_SetBaudRate                      0x00002c18   Section        0  fsl_usart.o(i.USART_SetBaudRate)
    i.USART_WriteBlocking                    0x00002cf4   Section        0  fsl_usart.o(i.USART_WriteBlocking)
    i.UTICK0_DriverIRQHandler                0x00002d78   Section        0  fsl_utick.o(i.UTICK0_DriverIRQHandler)
    i.__aeabi_assert                         0x00002d94   Section        0  fsl_common.o(i.__aeabi_assert)
    i.__scatterload_copy                     0x00002dd8   Section       14  handlers.o(i.__scatterload_copy)
    i.__scatterload_null                     0x00002de6   Section        2  handlers.o(i.__scatterload_null)
    i.__scatterload_zeroinit                 0x00002de8   Section       14  handlers.o(i.__scatterload_zeroinit)
    i.findPllMMult                           0x00002df6   Section        0  system_lpc54114_cm4.o(i.findPllMMult)
    findPllMMult                             0x00002df7   Thumb Code    34  system_lpc54114_cm4.o(i.findPllMMult)
    i.findPllPostDiv                         0x00002e18   Section        0  system_lpc54114_cm4.o(i.findPllPostDiv)
    findPllPostDiv                           0x00002e19   Thumb Code    32  system_lpc54114_cm4.o(i.findPllPostDiv)
    i.findPllPreDiv                          0x00002e38   Section        0  system_lpc54114_cm4.o(i.findPllPreDiv)
    findPllPreDiv                            0x00002e39   Thumb Code    32  system_lpc54114_cm4.o(i.findPllPreDiv)
    i.main                                   0x00002e58   Section        0  main.o(i.main)
    i.osHwiDefaultHandler                    0x00002e9e   Section        0  los_hwi.o(i.osHwiDefaultHandler)
    i.osHwiInit                              0x00002ea8   Section        0  los_hwi.o(i.osHwiInit)
    i.osIdleTask                             0x00002ecc   Section        0  los_task.o(i.osIdleTask)
    i.osIdleTaskCreate                       0x00002ed0   Section        0  los_task.o(i.osIdleTaskCreate)
    i.osIntNumGet                            0x00002f1c   Section        0  los_hwi.o(i.osIntNumGet)
    i.osMain                                 0x00002f28   Section        0  los_config.o(i.osMain)
    i.osMemAllocWithCheck                    0x00002f98   Section        0  los_memory.o(i.osMemAllocWithCheck)
    osMemAllocWithCheck                      0x00002f99   Thumb Code    92  los_memory.o(i.osMemAllocWithCheck)
    i.osMemCheckUsedNode                     0x00002ff4   Section        0  los_memory.o(i.osMemCheckUsedNode)
    osMemCheckUsedNode                       0x00002ff5   Thumb Code   152  los_memory.o(i.osMemCheckUsedNode)
    i.osMemFindSuitableFreeBlock             0x0000308c   Section        0  los_memory.o(i.osMemFindSuitableFreeBlock)
    osMemFindSuitableFreeBlock               0x0000308d   Thumb Code    80  los_memory.o(i.osMemFindSuitableFreeBlock)
    i.osMemFreeNode                          0x000030dc   Section        0  los_memory.o(i.osMemFreeNode)
    osMemFreeNode                            0x000030dd   Thumb Code   178  los_memory.o(i.osMemFreeNode)
    i.osMemIsNodeValid                       0x0000318e   Section        0  los_memory.o(i.osMemIsNodeValid)
    osMemIsNodeValid                         0x0000318f   Thumb Code    62  los_memory.o(i.osMemIsNodeValid)
    i.osMemMergeNode                         0x000031cc   Section        0  los_memory.o(i.osMemMergeNode)
    osMemMergeNode                           0x000031cd   Thumb Code    36  los_memory.o(i.osMemMergeNode)
    i.osMemSetMagicNumAndTaskid              0x000031f0   Section        0  los_memory.o(i.osMemSetMagicNumAndTaskid)
    osMemSetMagicNumAndTaskid                0x000031f1   Thumb Code    28  los_memory.o(i.osMemSetMagicNumAndTaskid)
    i.osMemSpitNode                          0x00003210   Section        0  los_memory.o(i.osMemSpitNode)
    osMemSpitNode                            0x00003211   Thumb Code    92  los_memory.o(i.osMemSpitNode)
    i.osMemSystemInit                        0x0000326c   Section        0  los_memory.o(i.osMemSystemInit)
    i.osMuxInit                              0x00003290   Section        0  los_mux.o(i.osMuxInit)
    i.osPriqueueInit                         0x000032ec   Section        0  los_priqueue.o(i.osPriqueueInit)
    i.osQueueCreate                          0x00003334   Section        0  los_queue.o(i.osQueueCreate)
    i.osQueueInit                            0x000033a4   Section        0  los_queue.o(i.osQueueInit)
    i.osQueuePend                            0x000033dc   Section        0  los_queue.o(i.osQueuePend)
    osQueuePend                              0x000033dd   Thumb Code   132  los_queue.o(i.osQueuePend)
    i.osQueueWakeUp                          0x00003460   Section        0  los_queue.o(i.osQueueWakeUp)
    osQueueWakeUp                            0x00003461   Thumb Code    90  los_queue.o(i.osQueueWakeUp)
    i.osRegister                             0x000034bc   Section        0  los_config.o(i.osRegister)
    i.osSchedule                             0x000034d8   Section        0  los_hw.o(i.osSchedule)
    i.osSemInit                              0x000034e0   Section        0  los_sem.o(i.osSemInit)
    i.osSwTmrInit                            0x00003538   Section        0  los_swtmr.o(i.osSwTmrInit)
    i.osSwTmrStart                           0x000035e4   Section        0  los_swtmr.o(i.osSwTmrStart)
    i.osSwTmrTask                            0x00003644   Section        0  los_swtmr.o(i.osSwTmrTask)
    i.osSwTmrTaskCreate                      0x00003694   Section        0  los_swtmr.o(i.osSwTmrTaskCreate)
    i.osSwTmrTimeoutHandle                   0x000036dc   Section        0  los_swtmr.o(i.osSwTmrTimeoutHandle)
    osSwTmrTimeoutHandle                     0x000036dd   Thumb Code   128  los_swtmr.o(i.osSwTmrTimeoutHandle)
    i.osSwtmrDelete                          0x00003768   Section        0  los_swtmr.o(i.osSwtmrDelete)
    osSwtmrDelete                            0x00003769   Thumb Code    16  los_swtmr.o(i.osSwtmrDelete)
    i.osSwtmrScan                            0x0000377c   Section        0  los_swtmr.o(i.osSwtmrScan)
    i.osTaskAdd2TimerList                    0x000037a0   Section        0  los_task.o(i.osTaskAdd2TimerList)
    i.osTaskEntry                            0x00003860   Section        0  los_task.o(i.osTaskEntry)
    i.osTaskExit                             0x00003904   Section        0  los_hw.o(i.osTaskExit)
    i.osTaskInit                             0x0000390c   Section        0  los_task.o(i.osTaskInit)
    i.osTaskMemUsedDec                       0x00003a34   Section        0  los_memstat.o(i.osTaskMemUsedDec)
    i.osTaskMemUsedInc                       0x00003a68   Section        0  los_memstat.o(i.osTaskMemUsedInc)
    i.osTaskScan                             0x00003aa4   Section        0  los_task.o(i.osTaskScan)
    i.osTaskSelfDelete                       0x00003b80   Section        0  los_task.o(i.osTaskSelfDelete)
    i.osTickHandler                          0x00003c7c   Section        0  los_tick.o(i.osTickHandler)
    i.osTickStart                            0x00003ca4   Section        0  los_bsp_adapter.o(i.osTickStart)
    i.osTimerListDelete                      0x00003d14   Section        0  los_task.o(i.osTimerListDelete)
    i.osTimesliceCheck                       0x00003d5c   Section        0  los_timeslice.o(i.osTimesliceCheck)
    i.osTimesliceInit                        0x00003da8   Section        0  los_timeslice.o(i.osTimesliceInit)
    i.osTskStackInit                         0x00003db8   Section        0  los_hw.o(i.osTskStackInit)
    i.pllDecodeM                             0x00003ef8   Section        0  system_lpc54114_cm4.o(i.pllDecodeM)
    pllDecodeM                               0x00003ef9   Thumb Code    88  system_lpc54114_cm4.o(i.pllDecodeM)
    i.pllDecodeN                             0x00003f54   Section        0  system_lpc54114_cm4.o(i.pllDecodeN)
    pllDecodeN                               0x00003f55   Thumb Code    92  system_lpc54114_cm4.o(i.pllDecodeN)
    i.pllDecodeP                             0x00003fb0   Section        0  system_lpc54114_cm4.o(i.pllDecodeP)
    pllDecodeP                               0x00003fb1   Thumb Code    78  system_lpc54114_cm4.o(i.pllDecodeP)
    .constdata                               0x00004000   Section        9  los_bsp_adapter.o(.constdata)
    .constdata                               0x0000400c   Section        2  los_bsp_led.o(.constdata)
    .constdata                               0x0000400e   Section       32  system_lpc54114_cm4.o(.constdata)
    wdtFreqLookup                            0x0000400e   Data          32  system_lpc54114_cm4.o(.constdata)
    .constdata                               0x00004030   Section       36  fsl_clock.o(.constdata)
    wdtFreqLookup                            0x00004034   Data          32  fsl_clock.o(.constdata)
    .constdata                               0x00004054   Section       57  fsl_ctimer.o(.constdata)
    s_ctimerBases                            0x00004054   Data          20  fsl_ctimer.o(.constdata)
    s_ctimerClocks                           0x00004068   Data          10  fsl_ctimer.o(.constdata)
    s_ctimerResets                           0x00004074   Data          20  fsl_ctimer.o(.constdata)
    s_ctimerIRQ                              0x00004088   Data           5  fsl_ctimer.o(.constdata)
    .constdata                               0x00004090   Section       56  fsl_flexcomm.o(.constdata)
    s_flexcommBaseAddrs                      0x00004098   Data          32  fsl_flexcomm.o(.constdata)
    s_flexcommClocks                         0x000040b8   Data          16  fsl_flexcomm.o(.constdata)
    .constdata                               0x000040c8   Section       22  fsl_gint.o(.constdata)
    s_gintBases                              0x000040c8   Data           8  fsl_gint.o(.constdata)
    s_gintClocks                             0x000040d0   Data           4  fsl_gint.o(.constdata)
    s_gintResets                             0x000040d4   Data           8  fsl_gint.o(.constdata)
    s_gintIRQ                                0x000040dc   Data           2  fsl_gint.o(.constdata)
    .conststring                             0x000040e0   Section       70  fsl_flexcomm.o(.conststring)
    .conststring                             0x00004128   Section       67  fsl_reset.o(.conststring)
    .conststring                             0x0000416c   Section       67  fsl_usart.o(.conststring)
    .data                                    0x20000000   Section        4  los_priqueue.o(.data)
    .data                                    0x20000004   Section       16  los_swtmr.o(.data)
    m_uwSwTmrHandlerQueue                    0x20000004   Data           4  los_swtmr.o(.data)
    .data                                    0x20000014   Section       68  los_task.o(.data)
    .data                                    0x20000058   Section       16  los_tick.o(.data)
    .data                                    0x20000068   Section        8  los_timeslice.o(.data)
    .data                                    0x20000070   Section       12  los_mux.o(.data)
    .data                                    0x2000007c   Section        4  los_queue.o(.data)
    .data                                    0x20000080   Section       12  los_sem.o(.data)
    .data                                    0x2000008c   Section        4  los_hw_tick.o(.data)
    .data                                    0x20000090   Section        4  los_hwi.o(.data)
    .data                                    0x20000094   Section        8  los_config.o(.data)
    .data                                    0x2000009c   Section        4  los_bsp_adapter.o(.data)
    g_ucycle_per_tick                        0x2000009c   Data           4  los_bsp_adapter.o(.data)
    .data                                    0x200000a0   Section        4  main.o(.data)
    g_uwboadTaskID                           0x200000a0   Data           4  main.o(.data)
    .data                                    0x200000a4   Section        4  system_lpc54114_cm4.o(.data)
    .data                                    0x200000a8   Section        8  fsl_clock.o(.data)
    s_Pll_Freq                               0x200000a8   Data           4  fsl_clock.o(.data)
    .data                                    0x200000b0   Section        5  fsl_ctimer.o(.data)
    ctimerCallbackType                       0x200000b0   Data           5  fsl_ctimer.o(.data)
    .data                                    0x200000b8   Section        8  fsl_dmic.o(.data)
    s_dmicCallback                           0x200000b8   Data           4  fsl_dmic.o(.data)
    s_dmicHwvadCallback                      0x200000bc   Data           4  fsl_dmic.o(.data)
    .data                                    0x200000c0   Section        8  fsl_gint.o(.data)
    s_gintCallback                           0x200000c0   Data           8  fsl_gint.o(.data)
    .data                                    0x200000c8   Section       16  fsl_sctimer.o(.data)
    s_currentEvent                           0x200000c8   Data           4  fsl_sctimer.o(.data)
    s_currentState                           0x200000cc   Data           4  fsl_sctimer.o(.data)
    s_currentMatch                           0x200000d0   Data           4  fsl_sctimer.o(.data)
    s_sctimerIsr                             0x200000d4   Data           4  fsl_sctimer.o(.data)
    .data                                    0x200000d8   Section        8  fsl_utick.o(.data)
    s_utickHandle                            0x200000d8   Data           4  fsl_utick.o(.data)
    s_utickIsr                               0x200000dc   Data           4  fsl_utick.o(.data)
    .vector.bss                              0x200000e0   Section     1024  los_hwi.o(.vector.bss)
    .bss                                     0x200004e0   Section      208  los_swtmr.o(.bss)
    .bss                                     0x200005b0   Section    32768  los_memory.o(.bss)
    .bss                                     0x200085b0   Section       64  los_memstat.o(.bss)
    .bss                                     0x200085f0   Section       20  fsl_ctimer.o(.bss)
    s_ctimerCallback                         0x200085f0   Data          20  fsl_ctimer.o(.bss)
    .bss                                     0x20008800   Section      832  fsl_dma.o(.bss)
    s_DMAHandle                              0x20008800   Data          80  fsl_dma.o(.bss)
    .bss                                     0x20008b40   Section       64  fsl_flexcomm.o(.bss)
    s_flexcommIrqHandler                     0x20008b40   Data          32  fsl_flexcomm.o(.bss)
    s_flexcommHandle                         0x20008b60   Data          32  fsl_flexcomm.o(.bss)
    .bss                                     0x20008b80   Section       32  fsl_pint.o(.bss)
    s_pintCallback                           0x20008b80   Data          32  fsl_pint.o(.bss)
    .bss                                     0x20008ba0   Section       16  fsl_debug_console.o(.bss)
    s_debugConsole                           0x20008ba0   Data          16  fsl_debug_console.o(.bss)

    Global Symbols

    Symbol Name                              Value     Ov Type        Size  Object(Section)

    BuildAttributes$$THM_ISAv4$E$P$D$K$B$S$7EM$VFPi3$EXTD16$VFPS$VFMA$PE$A:L22UL41UL21$X:L11$S22US41US21$IEEE1$IW$USESV6$~STKCKD$USESV7$~SHL$OSPACE$ROPI$EBA8$MICROLIB$REQ8$PRES8$EABIv2 0x00000000   Number         0  anon$$obj.o ABSOLUTE
    Image$$VECTOR_RAM$$Base                  0x00000000   Number         0  anon$$obj.o ABSOLUTE
    Image$$VECTOR_ROM$$Base                  0x00000000   Number         0  anon$$obj.o ABSOLUTE
    __ARM_use_no_argv                        0x00000000   Number         0  main.o ABSOLUTE
    __Vectors                                0x00000000   Data           4  startup_lpc54114_cm4.o(RESET)
    _printf_a                                0x00000000   Number         0  stubs.o ABSOLUTE
    _printf_c                                0x00000000   Number         0  stubs.o ABSOLUTE
    _printf_charcount                        0x00000000   Number         0  stubs.o ABSOLUTE
    _printf_d                                0x00000000   Number         0  stubs.o ABSOLUTE
    _printf_e                                0x00000000   Number         0  stubs.o ABSOLUTE
    _printf_f                                0x00000000   Number         0  stubs.o ABSOLUTE
    _printf_flags                            0x00000000   Number         0  stubs.o ABSOLUTE
    _printf_fp_dec                           0x00000000   Number         0  stubs.o ABSOLUTE
    _printf_fp_hex                           0x00000000   Number         0  stubs.o ABSOLUTE
    _printf_g                                0x00000000   Number         0  stubs.o ABSOLUTE
    _printf_i                                0x00000000   Number         0  stubs.o ABSOLUTE
    _printf_int_dec                          0x00000000   Number         0  stubs.o ABSOLUTE
    _printf_l                                0x00000000   Number         0  stubs.o ABSOLUTE
    _printf_lc                               0x00000000   Number         0  stubs.o ABSOLUTE
    _printf_ll                               0x00000000   Number         0  stubs.o ABSOLUTE
    _printf_lld                              0x00000000   Number         0  stubs.o ABSOLUTE
    _printf_lli                              0x00000000   Number         0  stubs.o ABSOLUTE
    _printf_llo                              0x00000000   Number         0  stubs.o ABSOLUTE
    _printf_llu                              0x00000000   Number         0  stubs.o ABSOLUTE
    _printf_llx                              0x00000000   Number         0  stubs.o ABSOLUTE
    _printf_longlong_dec                     0x00000000   Number         0  stubs.o ABSOLUTE
    _printf_longlong_hex                     0x00000000   Number         0  stubs.o ABSOLUTE
    _printf_longlong_oct                     0x00000000   Number         0  stubs.o ABSOLUTE
    _printf_ls                               0x00000000   Number         0  stubs.o ABSOLUTE
    _printf_mbtowc                           0x00000000   Number         0  stubs.o ABSOLUTE
    _printf_n                                0x00000000   Number         0  stubs.o ABSOLUTE
    _printf_o                                0x00000000   Number         0  stubs.o ABSOLUTE
    _printf_p                                0x00000000   Number         0  stubs.o ABSOLUTE
    _printf_percent                          0x00000000   Number         0  stubs.o ABSOLUTE
    _printf_pre_padding                      0x00000000   Number         0  stubs.o ABSOLUTE
    _printf_return_value                     0x00000000   Number         0  stubs.o ABSOLUTE
    _printf_s                                0x00000000   Number         0  stubs.o ABSOLUTE
    _printf_sizespec                         0x00000000   Number         0  stubs.o ABSOLUTE
    _printf_str                              0x00000000   Number         0  stubs.o ABSOLUTE
    _printf_truncate_signed                  0x00000000   Number         0  stubs.o ABSOLUTE
    _printf_truncate_unsigned                0x00000000   Number         0  stubs.o ABSOLUTE
    _printf_u                                0x00000000   Number         0  stubs.o ABSOLUTE
    _printf_wc                               0x00000000   Number         0  stubs.o ABSOLUTE
    _printf_wctomb                           0x00000000   Number         0  stubs.o ABSOLUTE
    _printf_widthprec                        0x00000000   Number         0  stubs.o ABSOLUTE
    _printf_x                                0x00000000   Number         0  stubs.o ABSOLUTE
    __cpp_initialize__aeabi_                  - Undefined Weak Reference
    __cxa_finalize                            - Undefined Weak Reference
    _clock_init                               - Undefined Weak Reference
    _microlib_exit                            - Undefined Weak Reference
    __main                                   0x000000e1   Thumb Code     0  entry.o(.ARM.Collect$$$$00000000)
    _main_stk                                0x000000e1   Thumb Code     0  entry4.o(.ARM.Collect$$$$00000003)
    _main_scatterload                        0x000000e5   Thumb Code     0  entry5.o(.ARM.Collect$$$$00000004)
    __main_after_scatterload                 0x000000e9   Thumb Code     0  entry5.o(.ARM.Collect$$$$00000004)
    _main_clock                              0x000000e9   Thumb Code     0  entry7b.o(.ARM.Collect$$$$00000008)
    _main_cpp_init                           0x000000e9   Thumb Code     0  entry8b.o(.ARM.Collect$$$$0000000A)
    _main_init                               0x000000e9   Thumb Code     0  entry9a.o(.ARM.Collect$$$$0000000B)
    __rt_final_cpp                           0x000000f1   Thumb Code     0  entry10a.o(.ARM.Collect$$$$0000000D)
    __rt_final_exit                          0x000000f1   Thumb Code     0  entry11a.o(.ARM.Collect$$$$0000000F)
    LOS_StartToRun                           0x000000f5   Thumb Code     0  los_dispatch_keil.o(.text)
    LOS_IntNumGet                            0x00000145   Thumb Code     0  los_dispatch_keil.o(.text)
    osDisableIRQ                             0x0000014b   Thumb Code     0  los_dispatch_keil.o(.text)
    LOS_IntLock                              0x0000014f   Thumb Code     0  los_dispatch_keil.o(.text)
    LOS_IntUnLock                            0x00000157   Thumb Code     0  los_dispatch_keil.o(.text)
    LOS_IntRestore                           0x0000015f   Thumb Code     0  los_dispatch_keil.o(.text)
    osTaskSchedule                           0x00000165   Thumb Code     0  los_dispatch_keil.o(.text)
    PendSV_Handler                           0x0000016f   Thumb Code     0  los_dispatch_keil.o(.text)
    __aeabi_uldivmod                         0x000001e1   Thumb Code    98  uldiv.o(.text)
    __aeabi_memset                           0x00000243   Thumb Code    14  memseta.o(.text)
    __aeabi_memset4                          0x00000243   Thumb Code     0  memseta.o(.text)
    __aeabi_memset8                          0x00000243   Thumb Code     0  memseta.o(.text)
    __aeabi_memclr                           0x00000251   Thumb Code     4  memseta.o(.text)
    __aeabi_memclr4                          0x00000251   Thumb Code     0  memseta.o(.text)
    __aeabi_memclr8                          0x00000251   Thumb Code     0  memseta.o(.text)
    _memset$wrapper                          0x00000255   Thumb Code    18  memseta.o(.text)
    strlen                                   0x00000267   Thumb Code    14  strlen.o(.text)
    __aeabi_llsl                             0x00000275   Thumb Code    30  llshl.o(.text)
    _ll_shift_l                              0x00000275   Thumb Code     0  llshl.o(.text)
    __aeabi_llsr                             0x00000293   Thumb Code    32  llushr.o(.text)
    _ll_ushift_r                             0x00000293   Thumb Code     0  llushr.o(.text)
    __scatterload                            0x000002b5   Thumb Code    28  init.o(.text)
    __scatterload_rt2                        0x000002b5   Thumb Code     0  init.o(.text)
    Reset_Handler                            0x00000315   Thumb Code    66  startup_lpc54114_cm4.o(.text)
    NMI_Handler                              0x00000357   Thumb Code     2  startup_lpc54114_cm4.o(.text)
    HardFault_Handler                        0x00000359   Thumb Code     2  startup_lpc54114_cm4.o(.text)
    MemManage_Handler                        0x0000035b   Thumb Code     2  startup_lpc54114_cm4.o(.text)
    BusFault_Handler                         0x0000035d   Thumb Code     2  startup_lpc54114_cm4.o(.text)
    UsageFault_Handler                       0x0000035f   Thumb Code     2  startup_lpc54114_cm4.o(.text)
    SVC_Handler                              0x00000361   Thumb Code     2  startup_lpc54114_cm4.o(.text)
    DebugMon_Handler                         0x00000363   Thumb Code     2  startup_lpc54114_cm4.o(.text)
    WDT_BOD_IRQHandler                       0x00000369   Thumb Code     4  startup_lpc54114_cm4.o(.text)
    DMA0_IRQHandler                          0x0000036d   Thumb Code     4  startup_lpc54114_cm4.o(.text)
    GINT0_IRQHandler                         0x00000371   Thumb Code     4  startup_lpc54114_cm4.o(.text)
    GINT1_IRQHandler                         0x00000375   Thumb Code     4  startup_lpc54114_cm4.o(.text)
    PIN_INT0_IRQHandler                      0x00000379   Thumb Code     4  startup_lpc54114_cm4.o(.text)
    PIN_INT1_IRQHandler                      0x0000037d   Thumb Code     4  startup_lpc54114_cm4.o(.text)
    PIN_INT2_IRQHandler                      0x00000381   Thumb Code     4  startup_lpc54114_cm4.o(.text)
    PIN_INT3_IRQHandler                      0x00000385   Thumb Code     4  startup_lpc54114_cm4.o(.text)
    UTICK0_IRQHandler                        0x00000389   Thumb Code     4  startup_lpc54114_cm4.o(.text)
    MRT0_IRQHandler                          0x0000038d   Thumb Code     4  startup_lpc54114_cm4.o(.text)
    CTIMER0_IRQHandler                       0x00000391   Thumb Code     4  startup_lpc54114_cm4.o(.text)
    CTIMER1_IRQHandler                       0x00000395   Thumb Code     4  startup_lpc54114_cm4.o(.text)
    CTIMER3_IRQHandler                       0x0000039d   Thumb Code     4  startup_lpc54114_cm4.o(.text)
    FLEXCOMM0_IRQHandler                     0x000003a1   Thumb Code     4  startup_lpc54114_cm4.o(.text)
    FLEXCOMM1_IRQHandler                     0x000003a5   Thumb Code     4  startup_lpc54114_cm4.o(.text)
    FLEXCOMM2_IRQHandler                     0x000003a9   Thumb Code     4  startup_lpc54114_cm4.o(.text)
    FLEXCOMM3_IRQHandler                     0x000003ad   Thumb Code     4  startup_lpc54114_cm4.o(.text)
    FLEXCOMM4_IRQHandler                     0x000003b1   Thumb Code     4  startup_lpc54114_cm4.o(.text)
    FLEXCOMM5_IRQHandler                     0x000003b5   Thumb Code     4  startup_lpc54114_cm4.o(.text)
    FLEXCOMM6_IRQHandler                     0x000003b9   Thumb Code     4  startup_lpc54114_cm4.o(.text)
    FLEXCOMM7_IRQHandler                     0x000003bd   Thumb Code     4  startup_lpc54114_cm4.o(.text)
    ADC0_SEQA_IRQHandler                     0x000003c1   Thumb Code     4  startup_lpc54114_cm4.o(.text)
    ADC0_SEQB_IRQHandler                     0x000003c5   Thumb Code     4  startup_lpc54114_cm4.o(.text)
    ADC0_THCMP_IRQHandler                    0x000003c9   Thumb Code     4  startup_lpc54114_cm4.o(.text)
    DMIC0_IRQHandler                         0x000003cd   Thumb Code     4  startup_lpc54114_cm4.o(.text)
    USB0_NEEDCLK_IRQHandler                  0x000003d5   Thumb Code     4  startup_lpc54114_cm4.o(.text)
    USB0_IRQHandler                          0x000003d9   Thumb Code     4  startup_lpc54114_cm4.o(.text)
    RTC_IRQHandler                           0x000003dd   Thumb Code     4  startup_lpc54114_cm4.o(.text)
    IOH_IRQHandler                           0x000003e1   Thumb Code     4  startup_lpc54114_cm4.o(.text)
    MAILBOX_IRQHandler                       0x000003e5   Thumb Code     4  startup_lpc54114_cm4.o(.text)
    PIN_INT4_IRQHandler                      0x000003e9   Thumb Code     4  startup_lpc54114_cm4.o(.text)
    PIN_INT5_IRQHandler                      0x000003ed   Thumb Code     4  startup_lpc54114_cm4.o(.text)
    PIN_INT6_IRQHandler                      0x000003f1   Thumb Code     4  startup_lpc54114_cm4.o(.text)
    PIN_INT7_IRQHandler                      0x000003f5   Thumb Code     4  startup_lpc54114_cm4.o(.text)
    CTIMER2_IRQHandler                       0x000003f9   Thumb Code     4  startup_lpc54114_cm4.o(.text)
    CTIMER4_IRQHandler                       0x000003fd   Thumb Code     4  startup_lpc54114_cm4.o(.text)
    Reserved54_IRQHandler                    0x00000401   Thumb Code     4  startup_lpc54114_cm4.o(.text)
    SPIFI0_IRQHandler                        0x00000405   Thumb Code     4  startup_lpc54114_cm4.o(.text)
    ADC0_SEQA_DriverIRQHandler               0x00000409   Thumb Code     0  startup_lpc54114_cm4.o(.text)
    ADC0_SEQB_DriverIRQHandler               0x00000409   Thumb Code     0  startup_lpc54114_cm4.o(.text)
    ADC0_THCMP_DriverIRQHandler              0x00000409   Thumb Code     0  startup_lpc54114_cm4.o(.text)
    HWVAD0_DriverIRQHandler                  0x00000409   Thumb Code     0  startup_lpc54114_cm4.o(.text)
    IOH_DriverIRQHandler                     0x00000409   Thumb Code     0  startup_lpc54114_cm4.o(.text)
    MAILBOX_DriverIRQHandler                 0x00000409   Thumb Code     0  startup_lpc54114_cm4.o(.text)
    MRT0_DriverIRQHandler                    0x00000409   Thumb Code     0  startup_lpc54114_cm4.o(.text)
    RTC_DriverIRQHandler                     0x00000409   Thumb Code     0  startup_lpc54114_cm4.o(.text)
    Reserved54_DriverIRQHandler              0x00000409   Thumb Code     0  startup_lpc54114_cm4.o(.text)
    SCT0_DriverIRQHandler                    0x00000409   Thumb Code     0  startup_lpc54114_cm4.o(.text)
    SPIFI0_DriverIRQHandler                  0x00000409   Thumb Code     0  startup_lpc54114_cm4.o(.text)
    USB0_DriverIRQHandler                    0x00000409   Thumb Code     0  startup_lpc54114_cm4.o(.text)
    USB0_NEEDCLK_DriverIRQHandler            0x00000409   Thumb Code     0  startup_lpc54114_cm4.o(.text)
    WDT_BOD_DriverIRQHandler                 0x00000409   Thumb Code     0  startup_lpc54114_cm4.o(.text)
    __decompress                             0x000004b9   Thumb Code     0  __dczerorl2.o(.text)
    __decompress1                            0x000004b9   Thumb Code    86  __dczerorl2.o(.text)
    BOARD_BootClockFROHF48M                  0x00000511   Thumb Code    56  clock_config.o(i.BOARD_BootClockFROHF48M)
    BOARD_InitDebugConsole                   0x00000559   Thumb Code    50  board.o(i.BOARD_InitDebugConsole)
    BOARD_InitPins                           0x000005dd   Thumb Code   156  pin_mux.o(i.BOARD_InitPins)
    CLOCK_AttachClk                          0x00000685   Thumb Code    60  fsl_clock.o(i.CLOCK_AttachClk)
    CLOCK_GetAsyncApbClkFreq                 0x000006c9   Thumb Code    40  fsl_clock.o(i.CLOCK_GetAsyncApbClkFreq)
    CLOCK_GetCoreSysClkFreq                  0x000006f9   Thumb Code   120  fsl_clock.o(i.CLOCK_GetCoreSysClkFreq)
    CLOCK_GetExtClkFreq                      0x00000775   Thumb Code     4  fsl_clock.o(i.CLOCK_GetExtClkFreq)
    CLOCK_GetFRGInputClock                   0x00000779   Thumb Code    60  fsl_clock.o(i.CLOCK_GetFRGInputClock)
    CLOCK_GetFlexCommClkFreq                 0x000007b9   Thumb Code    88  fsl_clock.o(i.CLOCK_GetFlexCommClkFreq)
    CLOCK_GetFreq                            0x00000815   Thumb Code   424  fsl_clock.o(i.CLOCK_GetFreq)
    CLOCK_GetFro12MFreq                      0x000009c1   Thumb Code    18  fsl_clock.o(i.CLOCK_GetFro12MFreq)
    CLOCK_GetFroHfFreq                       0x000009dd   Thumb Code    46  fsl_clock.o(i.CLOCK_GetFroHfFreq)
    CLOCK_GetI2SMClkFreq                     0x00000a1d   Thumb Code     6  fsl_clock.o(i.CLOCK_GetI2SMClkFreq)
    CLOCK_GetOsc32KFreq                      0x00000a29   Thumb Code     6  fsl_clock.o(i.CLOCK_GetOsc32KFreq)
    CLOCK_GetPllOutFreq                      0x00000a31   Thumb Code     6  fsl_clock.o(i.CLOCK_GetPllOutFreq)
    CLOCK_GetWdtOscFreq                      0x00000a3d   Thumb Code    50  fsl_clock.o(i.CLOCK_GetWdtOscFreq)
    CLOCK_SetClkDiv                          0x00000a7d   Thumb Code    36  fsl_clock.o(i.CLOCK_SetClkDiv)
    CLOCK_SetFLASHAccessCyclesForFreq        0x00000abd   Thumb Code    68  fsl_clock.o(i.CLOCK_SetFLASHAccessCyclesForFreq)
    CLOCK_SetupFROClocking                   0x00000b11   Thumb Code   138  fsl_clock.o(i.CLOCK_SetupFROClocking)
    CTIMER0_DriverIRQHandler                 0x00000bad   Thumb Code    10  fsl_ctimer.o(i.CTIMER0_DriverIRQHandler)
    CTIMER1_DriverIRQHandler                 0x00000bb7   Thumb Code    10  fsl_ctimer.o(i.CTIMER1_DriverIRQHandler)
    CTIMER2_DriverIRQHandler                 0x00000bc1   Thumb Code    10  fsl_ctimer.o(i.CTIMER2_DriverIRQHandler)
    CTIMER3_DriverIRQHandler                 0x00000bcb   Thumb Code    10  fsl_ctimer.o(i.CTIMER3_DriverIRQHandler)
    CTIMER4_DriverIRQHandler                 0x00000bd5   Thumb Code    10  fsl_ctimer.o(i.CTIMER4_DriverIRQHandler)
    CTIMER_GenericIRQHandler                 0x00000be5   Thumb Code   110  fsl_ctimer.o(i.CTIMER_GenericIRQHandler)
    DMA0_DriverIRQHandler                    0x00000c61   Thumb Code   168  fsl_dma.o(i.DMA0_DriverIRQHandler)
    DMIC0_DriverIRQHandler                   0x00000d0d   Thumb Code    16  fsl_dmic.o(i.DMIC0_DriverIRQHandler)
    DbgConsole_Init                          0x00000dc9   Thumb Code    74  fsl_debug_console.o(i.DbgConsole_Init)
    DbgConsole_Printf                        0x00000e21   Thumb Code    44  fsl_debug_console.o(i.DbgConsole_Printf)
    DbgConsole_Putchar                       0x000010b9   Thumb Code    30  fsl_debug_console.o(i.DbgConsole_Putchar)
    FLEXCOMM0_DriverIRQHandler               0x000010dd   Thumb Code    36  fsl_flexcomm.o(i.FLEXCOMM0_DriverIRQHandler)
    FLEXCOMM1_DriverIRQHandler               0x00001129   Thumb Code    36  fsl_flexcomm.o(i.FLEXCOMM1_DriverIRQHandler)
    FLEXCOMM2_DriverIRQHandler               0x00001175   Thumb Code    36  fsl_flexcomm.o(i.FLEXCOMM2_DriverIRQHandler)
    FLEXCOMM3_DriverIRQHandler               0x000011c1   Thumb Code    36  fsl_flexcomm.o(i.FLEXCOMM3_DriverIRQHandler)
    FLEXCOMM4_DriverIRQHandler               0x0000120d   Thumb Code    36  fsl_flexcomm.o(i.FLEXCOMM4_DriverIRQHandler)
    FLEXCOMM5_DriverIRQHandler               0x00001259   Thumb Code    36  fsl_flexcomm.o(i.FLEXCOMM5_DriverIRQHandler)
    FLEXCOMM6_DriverIRQHandler               0x000012a5   Thumb Code    36  fsl_flexcomm.o(i.FLEXCOMM6_DriverIRQHandler)
    FLEXCOMM7_DriverIRQHandler               0x000012f1   Thumb Code    36  fsl_flexcomm.o(i.FLEXCOMM7_DriverIRQHandler)
    FLEXCOMM_GetInstance                     0x0000133d   Thumb Code    38  fsl_flexcomm.o(i.FLEXCOMM_GetInstance)
    FLEXCOMM_Init                            0x00001375   Thumb Code    68  fsl_flexcomm.o(i.FLEXCOMM_Init)
    FLEXCOMM_SetPeriph                       0x000013ff   Thumb Code    68  fsl_flexcomm.o(i.FLEXCOMM_SetPeriph)
    GINT0_DriverIRQHandler                   0x00001445   Thumb Code    32  fsl_gint.o(i.GINT0_DriverIRQHandler)
    GINT1_DriverIRQHandler                   0x0000146d   Thumb Code    32  fsl_gint.o(i.GINT1_DriverIRQHandler)
    GPIO_PinInit                             0x00001495   Thumb Code    84  fsl_gpio.o(i.GPIO_PinInit)
    HWVAD0_IRQHandler                        0x00001515   Thumb Code    16  fsl_dmic.o(i.HWVAD0_IRQHandler)
    LOS_Align                                0x00001535   Thumb Code    28  los_misc.o(i.LOS_Align)
    LOS_BoardExampleEntry                    0x00001551   Thumb Code    52  main.o(i.LOS_BoardExampleEntry)
    LOS_DLnkInitMultiHead                    0x000015d5   Thumb Code    30  los_multipledlinkhead.o(i.LOS_DLnkInitMultiHead)
    LOS_DLnkMultiHead                        0x000015f3   Thumb Code    42  los_multipledlinkhead.o(i.LOS_DLnkMultiHead)
    LOS_EnableTick                           0x0000161d   Thumb Code    12  los_config.o(i.LOS_EnableTick)
    LOS_EvbKeyInit                           0x00001629   Thumb Code     2  los_bsp_key.o(i.LOS_EvbKeyInit)
    LOS_EvbLedControl                        0x0000162d   Thumb Code    60  los_bsp_led.o(i.LOS_EvbLedControl)
    LOS_EvbLedInit                           0x0000166d   Thumb Code    22  los_bsp_led.o(i.LOS_EvbLedInit)
    LOS_EvbSetup                             0x0000168d   Thumb Code    16  los_bsp_adapter.o(i.LOS_EvbSetup)
    LOS_EvbUartInit                          0x0000169d   Thumb Code     8  los_bsp_uart.o(i.LOS_EvbUartInit)
    LOS_EvbUartWriteStr                      0x000016a5   Thumb Code    22  los_bsp_uart.o(i.LOS_EvbUartWriteStr)
    LOS_KernelInit                           0x000016bb   Thumb Code    18  los_config.o(i.LOS_KernelInit)
    LOS_MemAlloc                             0x0000190d   Thumb Code    58  los_memory.o(i.LOS_MemAlloc)
    LOS_MemAllocAlign                        0x00001947   Thumb Code   108  los_memory.o(i.LOS_MemAllocAlign)
    LOS_MemFree                              0x000019b3   Thumb Code    84  los_memory.o(i.LOS_MemFree)
    LOS_MemInit                              0x00001a07   Thumb Code   166  los_memory.o(i.LOS_MemInit)
    LOS_MemboxAlloc                          0x00001aad   Thumb Code    60  los_membox.o(i.LOS_MemboxAlloc)
    LOS_MemboxFree                           0x00001aed   Thumb Code   158  los_membox.o(i.LOS_MemboxFree)
    LOS_MemboxInit                           0x00001b91   Thumb Code   128  los_membox.o(i.LOS_MemboxInit)
    LOS_PriqueueDequeue                      0x00001c11   Thumb Code    24  los_priqueue.o(i.LOS_PriqueueDequeue)
    LOS_PriqueueEnqueue                      0x00001c29   Thumb Code    32  los_priqueue.o(i.LOS_PriqueueEnqueue)
    LOS_PriqueueSize                         0x00001c4d   Thumb Code    36  los_priqueue.o(i.LOS_PriqueueSize)
    LOS_PriqueueTop                          0x00001c75   Thumb Code    54  los_priqueue.o(i.LOS_PriqueueTop)
    LOS_QueueCreate                          0x00001cb1   Thumb Code   118  los_queue.o(i.LOS_QueueCreate)
    LOS_QueueRead                            0x00001d2d   Thumb Code   282  los_queue.o(i.LOS_QueueRead)
    LOS_QueueWrite                           0x00001e5d   Thumb Code   296  los_queue.o(i.LOS_QueueWrite)
    LOS_Schedule                             0x00001f99   Thumb Code    56  los_hw.o(i.LOS_Schedule)
    LOS_SemPost                              0x00001fd9   Thumb Code   176  los_sem.o(i.LOS_SemPost)
    LOS_SetTickSycle                         0x00002091   Thumb Code     6  los_hw_tick.o(i.LOS_SetTickSycle)
    LOS_Start                                0x0000209d   Thumb Code    12  los_config.o(i.LOS_Start)
    LOS_TaskCreate                           0x000020a9   Thumb Code   140  los_task.o(i.LOS_TaskCreate)
    LOS_TaskCreateOnly                       0x00002145   Thumb Code   368  los_task.o(i.LOS_TaskCreateOnly)
    LOS_TaskDelay                            0x000022c9   Thumb Code   106  los_task.o(i.LOS_TaskDelay)
    LOS_TaskLock                             0x00002349   Thumb Code    26  los_task.o(i.LOS_TaskLock)
    LOS_TaskUnlock                           0x00002369   Thumb Code    54  los_task.o(i.LOS_TaskUnlock)
    LOS_TaskYield                            0x000023a5   Thumb Code   118  los_task.o(i.LOS_TaskYield)
    LOS_TickHandler                          0x00002429   Thumb Code    52  los_hw_tick.o(i.LOS_TickHandler)
    LosAdapIntInit                           0x00002461   Thumb Code     2  los_bsp_adapter.o(i.LosAdapIntInit)
    PINT_PatternMatchResetDetectLogic        0x00002463   Thumb Code    20  fsl_pint.o(i.PINT_PatternMatchResetDetectLogic)
    PIN_INT0_DriverIRQHandler                0x00002481   Thumb Code    40  fsl_pint.o(i.PIN_INT0_DriverIRQHandler)
    PIN_INT1_DriverIRQHandler                0x000024ad   Thumb Code    40  fsl_pint.o(i.PIN_INT1_DriverIRQHandler)
    PIN_INT2_DriverIRQHandler                0x000024d9   Thumb Code    40  fsl_pint.o(i.PIN_INT2_DriverIRQHandler)
    PIN_INT3_DriverIRQHandler                0x00002505   Thumb Code    40  fsl_pint.o(i.PIN_INT3_DriverIRQHandler)
    PIN_INT4_DriverIRQHandler                0x00002531   Thumb Code    40  fsl_pint.o(i.PIN_INT4_DriverIRQHandler)
    PIN_INT5_DriverIRQHandler                0x0000255d   Thumb Code    40  fsl_pint.o(i.PIN_INT5_DriverIRQHandler)
    PIN_INT6_DriverIRQHandler                0x00002589   Thumb Code    40  fsl_pint.o(i.PIN_INT6_DriverIRQHandler)
    PIN_INT7_DriverIRQHandler                0x000025b5   Thumb Code    40  fsl_pint.o(i.PIN_INT7_DriverIRQHandler)
    POWER_SetVoltageForFreq                  0x00002609   Thumb Code   260  fsl_power_lib.o(i.POWER_SetVoltageForFreq)
    RESET_ClearPeripheralReset               0x00002749   Thumb Code    80  fsl_reset.o(i.RESET_ClearPeripheralReset)
    RESET_PeripheralReset                    0x000027b5   Thumb Code    18  fsl_reset.o(i.RESET_PeripheralReset)
    RESET_SetPeripheralReset                 0x000027c9   Thumb Code    80  fsl_reset.o(i.RESET_SetPeripheralReset)
    SCT0_IRQHandler                          0x00002835   Thumb Code    12  fsl_sctimer.o(i.SCT0_IRQHandler)
    SysTick_Handler                          0x00002849   Thumb Code     8  los_bsp_adapter.o(i.SysTick_Handler)
    SystemCoreClockUpdate                    0x00002851   Thumb Code   316  system_lpc54114_cm4.o(i.SystemCoreClockUpdate)
    SystemInit                               0x000029a5   Thumb Code    28  system_lpc54114_cm4.o(i.SystemInit)
    USART_GetDefaultConfig                   0x000029cd   Thumb Code    48  fsl_usart.o(i.USART_GetDefaultConfig)
    USART_Init                               0x00002a11   Thumb Code   226  fsl_usart.o(i.USART_Init)
    USART_ReadBlocking                       0x00002b35   Thumb Code   188  fsl_usart.o(i.USART_ReadBlocking)
    USART_SetBaudRate                        0x00002c19   Thumb Code   152  fsl_usart.o(i.USART_SetBaudRate)
    USART_WriteBlocking                      0x00002cf5   Thumb Code    90  fsl_usart.o(i.USART_WriteBlocking)
    UTICK0_DriverIRQHandler                  0x00002d79   Thumb Code    16  fsl_utick.o(i.UTICK0_DriverIRQHandler)
    __aeabi_assert                           0x00002d95   Thumb Code    24  fsl_common.o(i.__aeabi_assert)
    __scatterload_copy                       0x00002dd9   Thumb Code    14  handlers.o(i.__scatterload_copy)
    __scatterload_null                       0x00002de7   Thumb Code     2  handlers.o(i.__scatterload_null)
    __scatterload_zeroinit                   0x00002de9   Thumb Code    14  handlers.o(i.__scatterload_zeroinit)
    main                                     0x00002e59   Thumb Code    70  main.o(i.main)
    osHwiDefaultHandler                      0x00002e9f   Thumb Code     8  los_hwi.o(i.osHwiDefaultHandler)
    osHwiInit                                0x00002ea9   Thumb Code    26  los_hwi.o(i.osHwiInit)
    osIdleTask                               0x00002ecd   Thumb Code     4  los_task.o(i.osIdleTask)
    osIdleTaskCreate                         0x00002ed1   Thumb Code    54  los_task.o(i.osIdleTaskCreate)
    osIntNumGet                              0x00002f1d   Thumb Code    12  los_hwi.o(i.osIntNumGet)
    osMain                                   0x00002f29   Thumb Code   108  los_config.o(i.osMain)
    osMemSystemInit                          0x0000326d   Thumb Code    26  los_memory.o(i.osMemSystemInit)
    osMuxInit                                0x00003291   Thumb Code    74  los_mux.o(i.osMuxInit)
    osPriqueueInit                           0x000032ed   Thumb Code    64  los_priqueue.o(i.osPriqueueInit)
    osQueueCreate                            0x00003335   Thumb Code   100  los_queue.o(i.osQueueCreate)
    osQueueInit                              0x000033a5   Thumb Code    44  los_queue.o(i.osQueueInit)
    osRegister                               0x000034bd   Thumb Code    14  los_config.o(i.osRegister)
    osSchedule                               0x000034d9   Thumb Code     8  los_hw.o(i.osSchedule)
    osSemInit                                0x000034e1   Thumb Code    70  los_sem.o(i.osSemInit)
    osSwTmrInit                              0x00003539   Thumb Code   142  los_swtmr.o(i.osSwTmrInit)
    osSwTmrStart                             0x000035e5   Thumb Code    92  los_swtmr.o(i.osSwTmrStart)
    osSwTmrTask                              0x00003645   Thumb Code    70  los_swtmr.o(i.osSwTmrTask)
    osSwTmrTaskCreate                        0x00003695   Thumb Code    52  los_swtmr.o(i.osSwTmrTaskCreate)
    osSwtmrScan                              0x0000377d   Thumb Code    32  los_swtmr.o(i.osSwtmrScan)
    osTaskAdd2TimerList                      0x000037a1   Thumb Code   188  los_task.o(i.osTaskAdd2TimerList)
    osTaskEntry                              0x00003861   Thumb Code   154  los_task.o(i.osTaskEntry)
    osTaskExit                               0x00003905   Thumb Code     8  los_hw.o(i.osTaskExit)
    osTaskInit                               0x0000390d   Thumb Code   258  los_task.o(i.osTaskInit)
    osTaskMemUsedDec                         0x00003a35   Thumb Code    40  los_memstat.o(i.osTaskMemUsedDec)
    osTaskMemUsedInc                         0x00003a69   Thumb Code    48  los_memstat.o(i.osTaskMemUsedInc)
    osTaskScan                               0x00003aa5   Thumb Code   214  los_task.o(i.osTaskScan)
    osTaskSelfDelete                         0x00003b81   Thumb Code   236  los_task.o(i.osTaskSelfDelete)
    osTickHandler                            0x00003c7d   Thumb Code    34  los_tick.o(i.osTickHandler)
    osTickStart                              0x00003ca5   Thumb Code    98  los_bsp_adapter.o(i.osTickStart)
    osTimerListDelete                        0x00003d15   Thumb Code    66  los_task.o(i.osTimerListDelete)
    osTimesliceCheck                         0x00003d5d   Thumb Code    64  los_timeslice.o(i.osTimesliceCheck)
    osTimesliceInit                          0x00003da9   Thumb Code    12  los_timeslice.o(i.osTimesliceInit)
    osTskStackInit                           0x00003db9   Thumb Code   306  los_hw.o(i.osTskStackInit)
    sys_clk_freq                             0x00004000   Data           4  los_bsp_adapter.o(.constdata)
    tick_per_second                          0x00004004   Data           4  los_bsp_adapter.o(.constdata)
    g_use_ram_vect                           0x00004008   Data           1  los_bsp_adapter.o(.constdata)
    g_Ext_Clk_Freq                           0x00004030   Data           4  fsl_clock.o(.constdata)
    kFlexcommIrqs                            0x00004090   Data           8  fsl_flexcomm.o(.constdata)
    Region$$Table$$Base                      0x000041b0   Number         0  anon$$obj.o(Region$$Table)
    Region$$Table$$Limit                     0x000041d0   Number         0  anon$$obj.o(Region$$Table)
    Image$$ARM_LIB_STACK$$ZI$$Limit          0x04008000   Number         0  anon$$obj.o ABSOLUTE
    Image$$RW_m_data$$Base                   0x20000000   Number         0  anon$$obj.o ABSOLUTE
    g_pstLosPriorityQueueList                0x20000000   Data           4  los_priqueue.o(.data)
    m_pstSwtmrCBArray                        0x20000008   Data           4  los_swtmr.o(.data)
    m_pstSwtmrFreeList                       0x2000000c   Data           4  los_swtmr.o(.data)
    m_pstSwtmrSortList                       0x20000010   Data           4  los_swtmr.o(.data)
    g_pstTaskCBArray                         0x20000014   Data           4  los_task.o(.data)
    g_stLosTask                              0x20000018   Data           8  los_task.o(.data)
    g_usLosTaskLock                          0x20000020   Data           2  los_task.o(.data)
    g_uwTskMaxNum                            0x20000024   Data           4  los_task.o(.data)
    g_uwIdleTaskID                           0x20000028   Data           4  los_task.o(.data)
    g_uwSwtmrTaskID                          0x2000002c   Data           4  los_task.o(.data)
    g_stTaskTimerList                        0x20000030   Data           8  los_task.o(.data)
    g_stLosFreeTask                          0x20000038   Data           8  los_task.o(.data)
    g_stTskRecyleList                        0x20000040   Data           8  los_task.o(.data)
    g_stTskSortLink                          0x20000048   Data           8  los_task.o(.data)
    g_bTaskScheduled                         0x20000050   Data           4  los_task.o(.data)
    g_pfnTskSwitchHook                       0x20000054   Data           4  los_task.o(.data)
    g_ullTickCount                           0x20000058   Data           8  los_tick.o(.data)
    g_uwTicksPerSec                          0x20000060   Data           4  los_tick.o(.data)
    g_uwCyclePerSec                          0x20000064   Data           4  los_tick.o(.data)
    g_stTaskTimeSlice                        0x20000068   Data           8  los_timeslice.o(.data)
    g_pstAllMux                              0x20000070   Data           4  los_mux.o(.data)
    g_stUnusedMuxList                        0x20000074   Data           8  los_mux.o(.data)
    g_pstAllQueue                            0x2000007c   Data           4  los_queue.o(.data)
    g_stUnusedSemList                        0x20000080   Data           8  los_sem.o(.data)
    g_pstAllSem                              0x20000088   Data           4  los_sem.o(.data)
    g_uwCyclesPerTick                        0x2000008c   Data           4  los_hw_tick.o(.data)
    g_vuwIntCount                            0x20000090   Data           4  los_hwi.o(.data)
    m_aucSysMem0                             0x20000094   Data           4  los_config.o(.data)
    g_sys_mem_addr_end                       0x20000098   Data           4  los_config.o(.data)
    SystemCoreClock                          0x200000a4   Data           4  system_lpc54114_cm4.o(.data)
    g_I2S_Mclk_Freq                          0x200000ac   Data           4  fsl_clock.o(.data)
    m_pstHwiForm                             0x200000e0   Data        1024  los_hwi.o(.vector.bss)
    m_aucSwTmrHandlerPool                    0x200004e0   Data         208  los_swtmr.o(.bss)
    g_ucMemStart                             0x200005b0   Data       32768  los_memory.o(.bss)
    g_TskMemUsedInfo                         0x200085b0   Data          64  los_memstat.o(.bss)
    s_dma_descriptor_table                   0x20008a00   Data         320  fsl_dma.o(.bss)
    Image$$ARM_LIB_HEAP$$ZI$$Base            0x20008bb0   Number         0  anon$$obj.o ABSOLUTE
    Image$$ARM_LIB_HEAP$$ZI$$Limit           0x20008fb0   Number         0  anon$$obj.o ABSOLUTE



==============================================================================

Memory Map of the image

  Image Entry point : 0x000000e1

  Load Region LR_m_text (Base: 0x00000000, Size: 0x000046b0, Max: 0x00030000, ABSOLUTE, COMPRESSED[0x000041f0])

    Execution Region VECTOR_ROM (Base: 0x00000000, Size: 0x000000e0, Max: 0x000000e0, ABSOLUTE)

    Base Addr    Size         Type   Attr      Idx    E Section Name        Object

    0x00000000   0x000000e0   Data   RO         2278    RESET               startup_lpc54114_cm4.o


    Execution Region VECTOR_RAM (Base: 0x00000000, Size: 0x00000000, Max: 0x00000000, ABSOLUTE)

    Base Addr    Size         Type   Attr      Idx    E Section Name        Object

    0x00000000   0x00000000   Zero   RW            1    VECTOR_RAM.bss      anon$$obj.o


    Execution Region ER_m_text (Base: 0x000000e0, Size: 0x000040f0, Max: 0x0002ff20, ABSOLUTE)

    Base Addr    Size         Type   Attr      Idx    E Section Name        Object

    0x000000e0   0x00000000   Code   RO         5444  * .ARM.Collect$$$$00000000  mc_w.l(entry.o)
    0x000000e0   0x00000004   Code   RO         5752    .ARM.Collect$$$$00000003  mc_w.l(entry4.o)
    0x000000e4   0x00000004   Code   RO         5755    .ARM.Collect$$$$00000004  mc_w.l(entry5.o)
    0x000000e8   0x00000000   Code   RO         5757    .ARM.Collect$$$$00000008  mc_w.l(entry7b.o)
    0x000000e8   0x00000000   Code   RO         5759    .ARM.Collect$$$$0000000A  mc_w.l(entry8b.o)
    0x000000e8   0x00000008   Code   RO         5760    .ARM.Collect$$$$0000000B  mc_w.l(entry9a.o)
    0x000000f0   0x00000000   Code   RO         5762    .ARM.Collect$$$$0000000D  mc_w.l(entry10a.o)
    0x000000f0   0x00000000   Code   RO         5764    .ARM.Collect$$$$0000000F  mc_w.l(entry11a.o)
    0x000000f0   0x00000004   Code   RO         5753    .ARM.Collect$$$$00002714  mc_w.l(entry4.o)
    0x000000f4   0x000000ec   Code   RO         1223    .text               los_dispatch_keil.o
    0x000001e0   0x00000062   Code   RO         5447    .text               mc_w.l(uldiv.o)
    0x00000242   0x00000024   Code   RO         5451    .text               mc_w.l(memseta.o)
    0x00000266   0x0000000e   Code   RO         5453    .text               mc_w.l(strlen.o)
    0x00000274   0x0000001e   Code   RO         5768    .text               mc_w.l(llshl.o)
    0x00000292   0x00000020   Code   RO         5770    .text               mc_w.l(llushr.o)
    0x000002b2   0x00000002   PAD
    0x000002b4   0x00000024   Code   RO         5783    .text               mc_w.l(init.o)
    0x000002d8   0x00000024   Code   RO         2288    i.CLOCK_EnableClock  main.o
    0x000002fc   0x00000004   Code   RO         2279    .ARM.__at_0x02FC    startup_lpc54114_cm4.o
    0x00000300   0x000001b8   Code   RO         2280    .text               startup_lpc54114_cm4.o
    0x000004b8   0x00000056   Code   RO         5795    .text               mc_w.l(__dczerorl2.o)
    0x0000050e   0x00000002   PAD
    0x00000510   0x00000048   Code   RO         5349    i.BOARD_BootClockFROHF48M  clock_config.o
    0x00000558   0x00000084   Code   RO         5325    i.BOARD_InitDebugConsole  board.o
    0x000005dc   0x000000a8   Code   RO         5388    i.BOARD_InitPins    pin_mux.o
    0x00000684   0x00000044   Code   RO         2480    i.CLOCK_AttachClk   fsl_clock.o
    0x000006c8   0x00000030   Code   RO         2482    i.CLOCK_GetAsyncApbClkFreq  fsl_clock.o
    0x000006f8   0x0000007c   Code   RO         2483    i.CLOCK_GetCoreSysClkFreq  fsl_clock.o
    0x00000774   0x00000004   Code   RO         2484    i.CLOCK_GetExtClkFreq  fsl_clock.o
    0x00000778   0x00000040   Code   RO         2485    i.CLOCK_GetFRGInputClock  fsl_clock.o
    0x000007b8   0x0000005c   Code   RO         2486    i.CLOCK_GetFlexCommClkFreq  fsl_clock.o
    0x00000814   0x000001ac   Code   RO         2487    i.CLOCK_GetFreq     fsl_clock.o
    0x000009c0   0x0000001c   Code   RO         2488    i.CLOCK_GetFro12MFreq  fsl_clock.o
    0x000009dc   0x00000040   Code   RO         2489    i.CLOCK_GetFroHfFreq  fsl_clock.o
    0x00000a1c   0x0000000c   Code   RO         2490    i.CLOCK_GetI2SMClkFreq  fsl_clock.o
    0x00000a28   0x00000006   Code   RO         2491    i.CLOCK_GetOsc32KFreq  fsl_clock.o
    0x00000a2e   0x00000002   PAD
    0x00000a30   0x0000000c   Code   RO         2493    i.CLOCK_GetPllOutFreq  fsl_clock.o
    0x00000a3c   0x00000040   Code   RO         2498    i.CLOCK_GetWdtOscFreq  fsl_clock.o
    0x00000a7c   0x00000028   Code   RO         2499    i.CLOCK_SetClkDiv   fsl_clock.o
    0x00000aa4   0x00000018   Code   RO         2500    i.CLOCK_SetFLASHAccessCycles  fsl_clock.o
    0x00000abc   0x00000054   Code   RO         2501    i.CLOCK_SetFLASHAccessCyclesForFreq  fsl_clock.o
    0x00000b10   0x0000009c   Code   RO         2505    i.CLOCK_SetupFROClocking  fsl_clock.o
    0x00000bac   0x0000000a   Code   RO         2840    i.CTIMER0_DriverIRQHandler  fsl_ctimer.o
    0x00000bb6   0x0000000a   Code   RO         2841    i.CTIMER1_DriverIRQHandler  fsl_ctimer.o
    0x00000bc0   0x0000000a   Code   RO         2842    i.CTIMER2_DriverIRQHandler  fsl_ctimer.o
    0x00000bca   0x0000000a   Code   RO         2843    i.CTIMER3_DriverIRQHandler  fsl_ctimer.o
    0x00000bd4   0x0000000a   Code   RO         2844    i.CTIMER4_DriverIRQHandler  fsl_ctimer.o
    0x00000bde   0x00000004   Code   RO         2845    i.CTIMER_ClearStatusFlags  fsl_ctimer.o
    0x00000be2   0x00000002   PAD
    0x00000be4   0x0000007c   Code   RO         2847    i.CTIMER_GenericIRQHandler  fsl_ctimer.o
    0x00000c60   0x000000ac   Code   RO         2964    i.DMA0_DriverIRQHandler  fsl_dma.o
    0x00000d0c   0x00000014   Code   RO         3080    i.DMIC0_DriverIRQHandler  fsl_dmic.o
    0x00000d20   0x000000a8   Code   RO         5224    i.DbgConsole_ConvertRadixNumToString  fsl_debug_console.o
    0x00000dc8   0x00000058   Code   RO         5227    i.DbgConsole_Init   fsl_debug_console.o
    0x00000e20   0x00000034   Code   RO         5228    i.DbgConsole_Printf  fsl_debug_console.o
    0x00000e54   0x0000023a   Code   RO         5229    i.DbgConsole_PrintfFormattedData  fsl_debug_console.o
    0x0000108e   0x00000028   Code   RO         5230    i.DbgConsole_PrintfPaddingCharacter  fsl_debug_console.o
    0x000010b6   0x00000002   PAD
    0x000010b8   0x00000024   Code   RO         5231    i.DbgConsole_Putchar  fsl_debug_console.o
    0x000010dc   0x0000004c   Code   RO         3337    i.FLEXCOMM0_DriverIRQHandler  fsl_flexcomm.o
    0x00001128   0x0000004c   Code   RO         3338    i.FLEXCOMM1_DriverIRQHandler  fsl_flexcomm.o
    0x00001174   0x0000004c   Code   RO         3339    i.FLEXCOMM2_DriverIRQHandler  fsl_flexcomm.o
    0x000011c0   0x0000004c   Code   RO         3340    i.FLEXCOMM3_DriverIRQHandler  fsl_flexcomm.o
    0x0000120c   0x0000004c   Code   RO         3341    i.FLEXCOMM4_DriverIRQHandler  fsl_flexcomm.o
    0x00001258   0x0000004c   Code   RO         3342    i.FLEXCOMM5_DriverIRQHandler  fsl_flexcomm.o
    0x000012a4   0x0000004c   Code   RO         3343    i.FLEXCOMM6_DriverIRQHandler  fsl_flexcomm.o
    0x000012f0   0x0000004c   Code   RO         3344    i.FLEXCOMM7_DriverIRQHandler  fsl_flexcomm.o
    0x0000133c   0x00000038   Code   RO         3345    i.FLEXCOMM_GetInstance  fsl_flexcomm.o
    0x00001374   0x00000050   Code   RO         3346    i.FLEXCOMM_Init     fsl_flexcomm.o
    0x000013c4   0x0000003a   Code   RO         3347    i.FLEXCOMM_PeripheralIsPresent  fsl_flexcomm.o
    0x000013fe   0x00000044   Code   RO         3349    i.FLEXCOMM_SetPeriph  fsl_flexcomm.o
    0x00001442   0x00000002   PAD
    0x00001444   0x00000028   Code   RO         3459    i.GINT0_DriverIRQHandler  fsl_gint.o
    0x0000146c   0x00000028   Code   RO         3460    i.GINT1_DriverIRQHandler  fsl_gint.o
    0x00001494   0x00000054   Code   RO         3558    i.GPIO_PinInit      fsl_gpio.o
    0x000014e8   0x0000002c   Code   RO         2329    i.GetWdtOscFreq     system_lpc54114_cm4.o
    0x00001514   0x00000014   Code   RO         3097    i.HWVAD0_IRQHandler  fsl_dmic.o
    0x00001528   0x0000000c   Code   RO         5389    i.IOCON_PinMuxSet   pin_mux.o
    0x00001534   0x0000001c   Code   RO         1091    i.LOS_Align         los_misc.o
    0x00001550   0x00000048   Code   RO         2289    i.LOS_BoardExampleEntry  main.o
    0x00001598   0x0000003c   Code   RO         2290    i.LOS_BoardExampleTskfunc  main.o
    0x000015d4   0x0000001e   Code   RO         1059    i.LOS_DLnkInitMultiHead  los_multipledlinkhead.o
    0x000015f2   0x0000002a   Code   RO         1060    i.LOS_DLnkMultiHead  los_multipledlinkhead.o
    0x0000161c   0x0000000c   Code   RO         1227    i.LOS_EnableTick    los_config.o
    0x00001628   0x00000002   Code   RO         1783    i.LOS_EvbKeyInit    los_bsp_key.o
    0x0000162a   0x00000002   PAD
    0x0000162c   0x00000040   Code   RO         1802    i.LOS_EvbLedControl  los_bsp_led.o
    0x0000166c   0x00000020   Code   RO         1803    i.LOS_EvbLedInit    los_bsp_led.o
    0x0000168c   0x00000010   Code   RO         1623    i.LOS_EvbSetup      los_bsp_adapter.o
    0x0000169c   0x00000008   Code   RO         1839    i.LOS_EvbUartInit   los_bsp_uart.o
    0x000016a4   0x00000016   Code   RO         1842    i.LOS_EvbUartWriteStr  los_bsp_uart.o
    0x000016ba   0x00000012   Code   RO         1228    i.LOS_KernelInit    los_config.o
    0x000016cc   0x0000000e   Code   RO          323    i.LOS_ListAdd       los_task.o
    0x000016da   0x0000000e   Code   RO          623    i.LOS_ListAdd       los_mux.o
    0x000016e8   0x0000000e   Code   RO          697    i.LOS_ListAdd       los_queue.o
    0x000016f6   0x0000000e   Code   RO          802    i.LOS_ListAdd       los_sem.o
    0x00001704   0x0000000e   Code   RO          905    i.LOS_ListAdd       los_memory.o
    0x00001712   0x00000014   Code   RO          324    i.LOS_ListDelete    los_task.o
    0x00001726   0x00000014   Code   RO          803    i.LOS_ListDelete    los_sem.o
    0x0000173a   0x00000014   Code   RO          906    i.LOS_ListDelete    los_memory.o
    0x0000174e   0x00000010   Code   RO          325    i.LOS_ListEmpty     los_task.o
    0x0000175e   0x00000010   Code   RO          698    i.LOS_ListEmpty     los_queue.o
    0x0000176e   0x00000010   Code   RO          804    i.LOS_ListEmpty     los_sem.o
    0x0000177e   0x00000006   Code   RO          326    i.LOS_ListInit      los_task.o
    0x00001784   0x00000006   Code   RO          626    i.LOS_ListInit      los_mux.o
    0x0000178a   0x00000006   Code   RO          699    i.LOS_ListInit      los_queue.o
    0x00001790   0x00000006   Code   RO          805    i.LOS_ListInit      los_sem.o
    0x00001796   0x00000010   Code   RO          327    i.LOS_ListTailInsert  los_task.o
    0x000017a6   0x00000010   Code   RO          627    i.LOS_ListTailInsert  los_mux.o
    0x000017b6   0x00000010   Code   RO          806    i.LOS_ListTailInsert  los_sem.o
    0x000017c6   0x00000002   PAD
    0x000017c8   0x00000144   Code   RO         1061    i.LOS_Log2          los_multipledlinkhead.o
    0x0000190c   0x0000003a   Code   RO          907    i.LOS_MemAlloc      los_memory.o
    0x00001946   0x0000006c   Code   RO          908    i.LOS_MemAllocAlign  los_memory.o
    0x000019b2   0x00000054   Code   RO          909    i.LOS_MemFree       los_memory.o
    0x00001a06   0x000000a6   Code   RO          910    i.LOS_MemInit       los_memory.o
    0x00001aac   0x00000040   Code   RO          872    i.LOS_MemboxAlloc   los_membox.o
    0x00001aec   0x000000a4   Code   RO          874    i.LOS_MemboxFree    los_membox.o
    0x00001b90   0x00000080   Code   RO          875    i.LOS_MemboxInit    los_membox.o
    0x00001c10   0x00000018   Code   RO            4    i.LOS_PriqueueDequeue  los_priqueue.o
    0x00001c28   0x00000024   Code   RO            5    i.LOS_PriqueueEnqueue  los_priqueue.o
    0x00001c4c   0x00000028   Code   RO            6    i.LOS_PriqueueSize  los_priqueue.o
    0x00001c74   0x0000003c   Code   RO            7    i.LOS_PriqueueTop   los_priqueue.o
    0x00001cb0   0x0000007c   Code   RO          700    i.LOS_QueueCreate   los_queue.o
    0x00001d2c   0x00000130   Code   RO          702    i.LOS_QueueRead     los_queue.o
    0x00001e5c   0x0000013c   Code   RO          703    i.LOS_QueueWrite    los_queue.o
    0x00001f98   0x00000040   Code   RO         1109    i.LOS_Schedule      los_hw.o
    0x00001fd8   0x000000b8   Code   RO          810    i.LOS_SemPost       los_sem.o
    0x00002090   0x0000000c   Code   RO         1140    i.LOS_SetTickSycle  los_hw_tick.o
    0x0000209c   0x0000000c   Code   RO         1229    i.LOS_Start         los_config.o
    0x000020a8   0x0000009c   Code   RO          328    i.LOS_TaskCreate    los_task.o
    0x00002144   0x00000184   Code   RO          329    i.LOS_TaskCreateOnly  los_task.o
    0x000022c8   0x00000080   Code   RO          330    i.LOS_TaskDelay     los_task.o
    0x00002348   0x00000020   Code   RO          332    i.LOS_TaskLock      los_task.o
    0x00002368   0x0000003c   Code   RO          337    i.LOS_TaskUnlock    los_task.o
    0x000023a4   0x00000084   Code   RO          338    i.LOS_TaskYield     los_task.o
    0x00002428   0x00000038   Code   RO         1141    i.LOS_TickHandler   los_hw_tick.o
    0x00002460   0x00000002   Code   RO         1625    i.LosAdapIntInit    los_bsp_adapter.o
    0x00002462   0x00000014   Code   RO         4301    i.PINT_PatternMatchResetDetectLogic  fsl_pint.o
    0x00002476   0x00000008   Code   RO         4302    i.PINT_PinInterruptClrStatus  fsl_pint.o
    0x0000247e   0x00000002   PAD
    0x00002480   0x0000002c   Code   RO         4305    i.PIN_INT0_DriverIRQHandler  fsl_pint.o
    0x000024ac   0x0000002c   Code   RO         4306    i.PIN_INT1_DriverIRQHandler  fsl_pint.o
    0x000024d8   0x0000002c   Code   RO         4307    i.PIN_INT2_DriverIRQHandler  fsl_pint.o
    0x00002504   0x0000002c   Code   RO         4308    i.PIN_INT3_DriverIRQHandler  fsl_pint.o
    0x00002530   0x0000002c   Code   RO         4309    i.PIN_INT4_DriverIRQHandler  fsl_pint.o
    0x0000255c   0x0000002c   Code   RO         4310    i.PIN_INT5_DriverIRQHandler  fsl_pint.o
    0x00002588   0x0000002c   Code   RO         4311    i.PIN_INT6_DriverIRQHandler  fsl_pint.o
    0x000025b4   0x0000002c   Code   RO         4312    i.PIN_INT7_DriverIRQHandler  fsl_pint.o
    0x000025e0   0x00000014   Code   RO         2510    i.POWER_DisablePD   fsl_clock.o
    0x000025f4   0x00000014   Code   RO         5351    i.POWER_DisablePD   clock_config.o
    0x00002608   0x0000012c   Code   RO         5427    i.POWER_SetVoltageForFreq  keil_lib_power.lib(fsl_power_lib.o)
    0x00002734   0x00000014   Code   RO         5429    i.POWER_setVdLevel  keil_lib_power.lib(fsl_power_lib.o)
    0x00002748   0x0000006c   Code   RO         4444    i.RESET_ClearPeripheralReset  fsl_reset.o
    0x000027b4   0x00000012   Code   RO         4445    i.RESET_PeripheralReset  fsl_reset.o
    0x000027c6   0x00000002   PAD
    0x000027c8   0x0000006c   Code   RO         4446    i.RESET_SetPeripheralReset  fsl_reset.o
    0x00002834   0x00000014   Code   RO         4541    i.SCT0_IRQHandler   fsl_sctimer.o
    0x00002848   0x00000008   Code   RO         1628    i.SysTick_Handler   los_bsp_adapter.o
    0x00002850   0x00000154   Code   RO         2330    i.SystemCoreClockUpdate  system_lpc54114_cm4.o
    0x000029a4   0x00000028   Code   RO         2331    i.SystemInit        system_lpc54114_cm4.o
    0x000029cc   0x00000044   Code   RO         4882    i.USART_GetDefaultConfig  fsl_usart.o
    0x00002a10   0x00000124   Code   RO         4884    i.USART_Init        fsl_usart.o
    0x00002b34   0x000000e4   Code   RO         4885    i.USART_ReadBlocking  fsl_usart.o
    0x00002c18   0x000000dc   Code   RO         4886    i.USART_SetBaudRate  fsl_usart.o
    0x00002cf4   0x00000084   Code   RO         4899    i.USART_WriteBlocking  fsl_usart.o
    0x00002d78   0x0000001c   Code   RO         5095    i.UTICK0_DriverIRQHandler  fsl_utick.o
    0x00002d94   0x00000044   Code   RO         2743    i.__aeabi_assert    fsl_common.o
    0x00002dd8   0x0000000e   Code   RO         5789    i.__scatterload_copy  mc_w.l(handlers.o)
    0x00002de6   0x00000002   Code   RO         5790    i.__scatterload_null  mc_w.l(handlers.o)
    0x00002de8   0x0000000e   Code   RO         5791    i.__scatterload_zeroinit  mc_w.l(handlers.o)
    0x00002df6   0x00000022   Code   RO         2332    i.findPllMMult      system_lpc54114_cm4.o
    0x00002e18   0x00000020   Code   RO         2333    i.findPllPostDiv    system_lpc54114_cm4.o
    0x00002e38   0x00000020   Code   RO         2334    i.findPllPreDiv     system_lpc54114_cm4.o
    0x00002e58   0x00000046   Code   RO         2291    i.main              main.o
    0x00002e9e   0x00000008   Code   RO         1169    i.osHwiDefaultHandler  los_hwi.o
    0x00002ea6   0x00000002   PAD
    0x00002ea8   0x00000024   Code   RO         1170    i.osHwiInit         los_hwi.o
    0x00002ecc   0x00000004   Code   RO          339    i.osIdleTask        los_task.o
    0x00002ed0   0x0000004c   Code   RO          340    i.osIdleTaskCreate  los_task.o
    0x00002f1c   0x0000000c   Code   RO         1171    i.osIntNumGet       los_hwi.o
    0x00002f28   0x00000070   Code   RO         1232    i.osMain            los_config.o
    0x00002f98   0x0000005c   Code   RO          912    i.osMemAllocWithCheck  los_memory.o
    0x00002ff4   0x00000098   Code   RO          913    i.osMemCheckUsedNode  los_memory.o
    0x0000308c   0x00000050   Code   RO          914    i.osMemFindSuitableFreeBlock  los_memory.o
    0x000030dc   0x000000b2   Code   RO          915    i.osMemFreeNode     los_memory.o
    0x0000318e   0x0000003e   Code   RO          916    i.osMemIsNodeValid  los_memory.o
    0x000031cc   0x00000024   Code   RO          917    i.osMemMergeNode    los_memory.o
    0x000031f0   0x00000020   Code   RO          918    i.osMemSetMagicNumAndTaskid  los_memory.o
    0x00003210   0x0000005c   Code   RO          919    i.osMemSpitNode     los_memory.o
    0x0000326c   0x00000024   Code   RO          920    i.osMemSystemInit   los_memory.o
    0x00003290   0x0000005c   Code   RO          632    i.osMuxInit         los_mux.o
    0x000032ec   0x00000048   Code   RO            9    i.osPriqueueInit    los_priqueue.o
    0x00003334   0x00000070   Code   RO          704    i.osQueueCreate     los_queue.o
    0x000033a4   0x00000038   Code   RO          705    i.osQueueInit       los_queue.o
    0x000033dc   0x00000084   Code   RO          708    i.osQueuePend       los_queue.o
    0x00003460   0x0000005a   Code   RO          709    i.osQueueWakeUp     los_queue.o
    0x000034ba   0x00000002   PAD
    0x000034bc   0x0000001c   Code   RO         1233    i.osRegister        los_config.o
    0x000034d8   0x00000008   Code   RO         1110    i.osSchedule        los_hw.o
    0x000034e0   0x00000058   Code   RO          811    i.osSemInit         los_sem.o
    0x00003538   0x000000ac   Code   RO          120    i.osSwTmrInit       los_swtmr.o
    0x000035e4   0x00000060   Code   RO          121    i.osSwTmrStart      los_swtmr.o
    0x00003644   0x00000050   Code   RO          122    i.osSwTmrTask       los_swtmr.o
    0x00003694   0x00000048   Code   RO          123    i.osSwTmrTaskCreate  los_swtmr.o
    0x000036dc   0x0000008c   Code   RO          124    i.osSwTmrTimeoutHandle  los_swtmr.o
    0x00003768   0x00000014   Code   RO          125    i.osSwtmrDelete     los_swtmr.o
    0x0000377c   0x00000024   Code   RO          126    i.osSwtmrScan       los_swtmr.o
    0x000037a0   0x000000c0   Code   RO          341    i.osTaskAdd2TimerList  los_task.o
    0x00003860   0x000000a4   Code   RO          342    i.osTaskEntry       los_task.o
    0x00003904   0x00000008   Code   RO         1111    i.osTaskExit        los_hw.o
    0x0000390c   0x00000128   Code   RO          343    i.osTaskInit        los_task.o
    0x00003a34   0x00000034   Code   RO         1030    i.osTaskMemUsedDec  los_memstat.o
    0x00003a68   0x0000003c   Code   RO         1031    i.osTaskMemUsedInc  los_memstat.o
    0x00003aa4   0x000000dc   Code   RO          345    i.osTaskScan        los_task.o
    0x00003b80   0x000000fc   Code   RO          346    i.osTaskSelfDelete  los_task.o
    0x00003c7c   0x00000028   Code   RO          523    i.osTickHandler     los_tick.o
    0x00003ca4   0x00000070   Code   RO         1629    i.osTickStart       los_bsp_adapter.o
    0x00003d14   0x00000048   Code   RO          347    i.osTimerListDelete  los_task.o
    0x00003d5c   0x0000004c   Code   RO          551    i.osTimesliceCheck  los_timeslice.o
    0x00003da8   0x00000010   Code   RO          552    i.osTimesliceInit   los_timeslice.o
    0x00003db8   0x00000140   Code   RO         1112    i.osTskStackInit    los_hw.o
    0x00003ef8   0x0000005c   Code   RO         2335    i.pllDecodeM        system_lpc54114_cm4.o
    0x00003f54   0x0000005c   Code   RO         2336    i.pllDecodeN        system_lpc54114_cm4.o
    0x00003fb0   0x0000004e   Code   RO         2337    i.pllDecodeP        system_lpc54114_cm4.o
    0x00003ffe   0x00000002   PAD
    0x00004000   0x00000009   Data   RO         1630    .constdata          los_bsp_adapter.o
    0x00004009   0x00000003   PAD
    0x0000400c   0x00000002   Data   RO         1804    .constdata          los_bsp_led.o
    0x0000400e   0x00000020   Data   RO         2338    .constdata          system_lpc54114_cm4.o
    0x0000402e   0x00000002   PAD
    0x00004030   0x00000024   Data   RO         2522    .constdata          fsl_clock.o
    0x00004054   0x00000039   Data   RO         2858    .constdata          fsl_ctimer.o
    0x0000408d   0x00000003   PAD
    0x00004090   0x00000038   Data   RO         3351    .constdata          fsl_flexcomm.o
    0x000040c8   0x00000016   Data   RO         3472    .constdata          fsl_gint.o
    0x000040de   0x00000002   PAD
    0x000040e0   0x00000046   Data   RO         3352    .conststring        fsl_flexcomm.o
    0x00004126   0x00000002   PAD
    0x00004128   0x00000043   Data   RO         4447    .conststring        fsl_reset.o
    0x0000416b   0x00000001   PAD
    0x0000416c   0x00000043   Data   RO         4901    .conststring        fsl_usart.o
    0x000041af   0x00000001   PAD
    0x000041b0   0x00000020   Data   RO         5787    Region$$Table       anon$$obj.o


    Execution Region ARM_LIB_STACK (Base: 0x04007c00, Size: 0x00000400, Max: 0x00000400, ABSOLUTE)

    Base Addr    Size         Type   Attr      Idx    E Section Name        Object

    0x04007c00   0x00000400   Zero   RW            3    ARM_LIB_STACK.bss   anon$$obj.o


    Execution Region RW_m_data (Base: 0x20000000, Size: 0x00008bb0, Max: 0x0000e800, ABSOLUTE, COMPRESSED[0x00000020])

    Base Addr    Size         Type   Attr      Idx    E Section Name        Object

    0x20000000   0x00000004   Data   RW           10    .data               los_priqueue.o
    0x20000004   0x00000010   Data   RW          129    .data               los_swtmr.o
    0x20000014   0x00000044   Data   RW          348    .data               los_task.o
    0x20000058   0x00000010   Data   RW          524    .data               los_tick.o
    0x20000068   0x00000008   Data   RW          553    .data               los_timeslice.o
    0x20000070   0x0000000c   Data   RW          633    .data               los_mux.o
    0x2000007c   0x00000004   Data   RW          710    .data               los_queue.o
    0x20000080   0x0000000c   Data   RW          812    .data               los_sem.o
    0x2000008c   0x00000004   Data   RW         1142    .data               los_hw_tick.o
    0x20000090   0x00000004   Data   RW         1174    .data               los_hwi.o
    0x20000094   0x00000008   Data   RW         1234    .data               los_config.o
    0x2000009c   0x00000004   Data   RW         1631    .data               los_bsp_adapter.o
    0x200000a0   0x00000004   Data   RW         2292    .data               main.o
    0x200000a4   0x00000004   Data   RW         2339    .data               system_lpc54114_cm4.o
    0x200000a8   0x00000008   Data   RW         2523    .data               fsl_clock.o
    0x200000b0   0x00000005   Data   RW         2860    .data               fsl_ctimer.o
    0x200000b5   0x00000003   PAD
    0x200000b8   0x00000008   Data   RW         3101    .data               fsl_dmic.o
    0x200000c0   0x00000008   Data   RW         3474    .data               fsl_gint.o
    0x200000c8   0x00000010   Data   RW         4561    .data               fsl_sctimer.o
    0x200000d8   0x00000008   Data   RW         5105    .data               fsl_utick.o
    0x200000e0   0x00000400   Data   RW         1175    .vector.bss         los_hwi.o
    0x200004e0   0x000000d0   Zero   RW          128    .bss                los_swtmr.o
    0x200005b0   0x00008000   Zero   RW          921    .bss                los_memory.o
    0x200085b0   0x00000040   Zero   RW         1032    .bss                los_memstat.o
    0x200085f0   0x00000014   Zero   RW         2857    .bss                fsl_ctimer.o
    0x20008604   0x000001fc   PAD
    0x20008800   0x00000340   Zero   RW         2979    .bss                fsl_dma.o
    0x20008b40   0x00000040   Zero   RW         3350    .bss                fsl_flexcomm.o
    0x20008b80   0x00000020   Zero   RW         4313    .bss                fsl_pint.o
    0x20008ba0   0x00000010   Zero   RW         5237    .bss                fsl_debug_console.o


    Execution Region ARM_LIB_HEAP (Base: 0x20008bb0, Size: 0x00000400, Max: 0x00000400, ABSOLUTE)

    Base Addr    Size         Type   Attr      Idx    E Section Name        Object

    0x20008bb0   0x00000400   Zero   RW            2    ARM_LIB_HEAP.bss    anon$$obj.o


    Execution Region RPMSG_SH_MEM (Base: 0x20026800, Size: 0x00000000, Max: 0x00001800, ABSOLUTE, UNINIT)

    **** No section assigned to this execution region ****



  Load Region LR_CORE1_IMAGE (Base: 0x00030000, Size: 0x00000000, Max: 0xffffffff, ABSOLUTE)

    Execution Region CORE1_REGION (Base: 0x00030000, Size: 0x00000000, Max: 0x00010000, ABSOLUTE)

    **** No section assigned to this execution region ****


==============================================================================

Image component sizes


      Code (inc. data)   RO Data    RW Data    ZI Data      Debug   Object Name

       132         82          0          0          0        629   board.o
        92         22          0          0          0       2578   clock_config.o
         0          0          0          0          0       3064   cmsis_liteos.o
         0          0          0          0          0       9528   fsl_adc.o
      1338        156         36          8          0      26285   fsl_clock.o
        68         44          0          0          0        757   fsl_common.o
         0          0          0          0          0       9528   fsl_crc.o
       178         14         57          5         20       8302   fsl_ctimer.o
       954         28          0          0         16      13085   fsl_debug_console.o
       172          4          0          0        832       4873   fsl_dma.o
        40          8          0          8          0       4737   fsl_dmic.o
       870        350        126          0         64      10192   fsl_flexcomm.o
        80         16         22          8          0       2982   fsl_gint.o
        84          0          0          0          0       2487   fsl_gpio.o
       380         32          0          0         32      11256   fsl_pint.o
       234         56         67          0          0       2832   fsl_reset.o
        20          8          0         16          0       7038   fsl_sctimer.o
       940        236         67          0          0      11897   fsl_usart.o
        28         12          0          8          0       2214   fsl_utick.o
         0          0          0          0          0       1472   los_api_dynamic_mem.o
       138         14          9          4          0     284865   los_bsp_adapter.o
         2          0          0          0          0        529   los_bsp_key.o
        96         14          2          0          0       3213   los_bsp_led.o
        30          0          0          0          0       1208   los_bsp_uart.o
       182         18          0          8          0       3904   los_config.o
       236         24          0          0          0        440   los_dispatch_keil.o
       400         22          0          0          0       3158   los_hw.o
        68         10          0          4          0       1469   los_hw_tick.o
        56         10          0       1028          0       5266   los_hwi.o
       356         10          0          0          0       4020   los_membox.o
      1210         14          0          0      32768      16188   los_memory.o
       112         24          0          0         64       2073   los_memstat.o
        28          0          0          0          0        652   los_misc.o
       396          4          0          0          0       5268   los_multipledlinkhead.o
       128         18          0         12          0       6008   los_mux.o
       232         22          0          4          0       8766   los_priqueue.o
      1170         72          0          4          0      18589   los_queue.o
       344         26          0         12          0       5710   los_sem.o
       616         84          0         16        208      17601   los_swtmr.o
      2244        186          0         68          0      25823   los_task.o
        40          6          0         16          0        913   los_tick.o
        92         16          0          8          0       1389   los_timeslice.o
       238         46          0          4          0      12051   main.o
       180         12          0          0          0       4233   pin_mux.o
       444        198        224          0          0       3188   startup_lpc54114_cm4.o
       784         48         32          4          0       7731   system_lpc54114_cm4.o

    ----------------------------------------------------------------------
     15454       1966        688       1248      36560     579991   Object Totals
         0          0         32          0       2048          0   (incl. Generated)
        22          0         14          3        508          0   (incl. Padding)

    ----------------------------------------------------------------------

      Code (inc. data)   RO Data    RW Data    ZI Data      Debug   Library Member Name

       320         46          0          0          0        248   fsl_power_lib.o
        86          0          0          0          0          0   __dczerorl2.o
         0          0          0          0          0          0   entry.o
         0          0          0          0          0          0   entry10a.o
         0          0          0          0          0          0   entry11a.o
         8          4          0          0          0          0   entry4.o
         4          0          0          0          0          0   entry5.o
         0          0          0          0          0          0   entry7b.o
         0          0          0          0          0          0   entry8b.o
         8          4          0          0          0          0   entry9a.o
        30          0          0          0          0          0   handlers.o
        36          8          0          0          0         68   init.o
        30          0          0          0          0         68   llshl.o
        32          0          0          0          0         68   llushr.o
        36          0          0          0          0        108   memseta.o
        14          0          0          0          0         68   strlen.o
        98          0          0          0          0         92   uldiv.o

    ----------------------------------------------------------------------
       706         62          0          0          0        720   Library Totals
         4          0          0          0          0          0   (incl. Padding)

    ----------------------------------------------------------------------

      Code (inc. data)   RO Data    RW Data    ZI Data      Debug   Library Name

       320         46          0          0          0        248   keil_lib_power.lib
       382         16          0          0          0        472   mc_w.l

    ----------------------------------------------------------------------
       706         62          0          0          0        720   Library Totals

    ----------------------------------------------------------------------

==============================================================================


      Code (inc. data)   RO Data    RW Data    ZI Data      Debug   

     16160       2028        688       1248      36560     562291   Grand Totals
     16160       2028        688         32      36560     562291   ELF Image Totals (compressed)
     16160       2028        688         32          0          0   ROM Totals

==============================================================================

    Total RO  Size (Code + RO Data)                16848 (  16.45kB)
    Total RW  Size (RW Data + ZI Data)             37808 (  36.92kB)
    Total ROM Size (Code + RO Data + RW Data)      16880 (  16.48kB)

==============================================================================

