<html>
<body>
<pre>
<h1>µVision Build Log</h1>
<h2>Tool Versions:</h2>
IDE-Version: ¦ÌVision V5.21.1.0
Copyright (C) 2016 ARM Ltd and ARM Germany GmbH. All rights reserved.
License Information: damon zhang 1 Flex license: MDK-ARM Plus: 15 user(s) (mdk_std) Borrow: 
 
Tool Versions:
Toolchain:       MDK-ARM Plus: 15 user(s)  Version: 5.21a
Toolchain Path:  C:\Keil_v5\ARM\ARMCC\Bin
C Compiler:      Armcc.exe V5.06 update 3 (build 300)
Assembler:       Armasm.exe V5.06 update 3 (build 300)
Linker/Locator:  ArmLink.exe V5.06 update 3 (build 300)
Library Manager: ArmAr.exe V5.06 update 3 (build 300)
Hex Converter:   FromElf.exe V5.06 update 3 (build 300)
CPU DLL:         SARMCM3.DLL V5.21a
Dialog DLL:      DCM.DLL V1.13.8.0
Target DLL:      CMSIS_AGDI.dll V1.26.5.0
Dialog DLL:      TCM.DLL V1.14.14.0
 
<h2>Project:</h2>
C:\Users\zhangyunfeng\Desktop\LiteOS_Kernel-master\projects\LPC54110_BOARD_KEIL\HuaweiLiteOS.uvprojx
Project File Date:  08/08/2017

<h2>Output:</h2>
*** Using Compiler 'V5.06 update 3 (build 300)', folder: 'C:\Keil_v5\ARM\ARMCC\Bin'
Build target 'HuaweiLiteOS'
compiling main.c...
..\..\user\main.c(73): warning:  #223-D: function "BOARD_InitPins" declared implicitly
      BOARD_InitPins();
..\..\user\main.c: 1 warning, 0 errors
linking...
..\..\platform\LPC54110_BOARD\LPC54114J256_cm4.scf(116): warning: L6314W: No section matches pattern *(rpmsg_sh_mem_section).
..\..\platform\LPC54110_BOARD\LPC54114J256_cm4.scf(122): warning: L6314W: No section matches pattern *(M0CODE).
Program Size: Code=16160 RO-data=688 RW-data=1248 ZI-data=36560  
Finished: 0 information, 2 warning and 0 error messages.
".\Objects\HuaweiLiteOS.axf" - 0 Error(s), 3 Warning(s).

<h2>Collection of Component include folders:</h2>
  C:\Users\zhangyunfeng\Desktop\LiteOS_Kernel-master\projects\LPC54110_BOARD_KEIL\RTE
  C:\Keil_v5\ARM\PACK\Keil\LPC54000_DFP\2.2.0\LPCOpen\lpc5411x\chip_5411x\inc

<h2>Collection of Component Files used:</h2>
Build Time Elapsed:  00:00:02
</pre>
</body>
</html>
